ERC report (2026-08-02T22:54:55, Encoding UTF8)
Report includes: Errors, Warnings

***** Sheet /
[endpoint_off_grid]: Symbol pin or wire end off connection grid
    ; warning
    @(37.46 mm, 120.00 mm): Symbol J18 Pin 1 [In, Passive, Line]
[endpoint_off_grid]: Symbol pin or wire end off connection grid
    ; warning
    @(37.46 mm, 130.00 mm): Symbol J19 Pin 1 [In, Passive, Line]
[endpoint_off_grid]: Symbol pin or wire end off connection grid
    ; warning
    @(37.46 mm, 140.00 mm): Symbol J20 Pin 1 [In, Passive, Line]
[endpoint_off_grid]: Symbol pin or wire end off connection grid
    ; warning
    @(37.46 mm, 150.00 mm): Symbol J21 Pin 1 [In, Passive, Line]
[endpoint_off_grid]: Symbol pin or wire end off connection grid
    ; warning
    @(64.92 mm, 119.84 mm): Symbol J22 Pin 1 [Pin_1, Passive, Line]
[endpoint_off_grid]: Symbol pin or wire end off connection grid
    ; warning
    @(64.92 mm, 122.38 mm): Symbol #PWR05987 Pin 1 [Power input, Line]
[lib_symbol_mismatch]: Symbol '-5V' doesn't match copy in library 'power'
    ; warning
    @(64.92 mm, 122.38 mm): Symbol #PWR05987 [-5V]
[endpoint_off_grid]: Symbol pin or wire end off connection grid
    ; warning
    @(117.856 mm, 141.478 mm): Horizontal Wire, length 7.62 mm
[endpoint_off_grid]: Symbol pin or wire end off connection grid
    ; warning
    @(117.856 mm, 145.288 mm): Horizontal Wire, length 7.62 mm
[endpoint_off_grid]: Symbol pin or wire end off connection grid
    ; warning
    @(117.856 mm, 152.908 mm): Horizontal Wire, length 7.62 mm
[endpoint_off_grid]: Symbol pin or wire end off connection grid
    ; warning
    @(168.656 mm, 145.288 mm): Horizontal Wire, length 7.62 mm
[endpoint_off_grid]: Symbol pin or wire end off connection grid
    ; warning
    @(168.656 mm, 150.368 mm): Horizontal Wire, length 7.62 mm
[unconnected_wire_endpoint]: Unconnected wire endpoint
    ; warning
    @(187.96 mm, 43.18 mm): Horizontal Wire, length 7.62 mm
[unconnected_wire_endpoint]: Unconnected wire endpoint
    ; warning
    @(187.96 mm, 46.99 mm): Horizontal Wire, length 7.62 mm
[unconnected_wire_endpoint]: Unconnected wire endpoint
    ; warning
    @(187.96 mm, 52.07 mm): Horizontal Wire, length 7.62 mm
[unconnected_wire_endpoint]: Unconnected wire endpoint
    ; warning
    @(187.96 mm, 55.88 mm): Horizontal Wire, length 7.62 mm
[endpoint_off_grid]: Symbol pin or wire end off connection grid
    ; warning
    @(204.216 mm, 145.288 mm): Symbol #PWR4029 Pin 1 [Power input, Line]
[lib_symbol_mismatch]: Symbol 'GND' doesn't match copy in library 'power'
    ; warning
    @(204.216 mm, 145.288 mm): Symbol #PWR4029 [GND]
[endpoint_off_grid]: Symbol pin or wire end off connection grid
    ; warning
    @(204.216 mm, 166.878 mm): Symbol #PWR4022 Pin 1 [Power input, Line]
[lib_symbol_mismatch]: Symbol 'GND' doesn't match copy in library 'power'
    ; warning
    @(204.216 mm, 166.878 mm): Symbol #PWR4022 [GND]
[unconnected_wire_endpoint]: Unconnected wire endpoint
    ; warning
    @(211.836 mm, 177.038 mm): Horizontal Wire, length 7.62 mm
[endpoint_off_grid]: Symbol pin or wire end off connection grid
    ; warning
    @(204.216 mm, 184.658 mm): Symbol #PWR4007 Pin 1 [Power input, Line]
[lib_symbol_mismatch]: Symbol '+3V3' doesn't match copy in library 'power'
    ; warning
    @(204.216 mm, 184.658 mm): Symbol #PWR4007 [+3V3]
[unconnected_wire_endpoint]: Unconnected wire endpoint
    ; warning
    @(211.836 mm, 187.198 mm): Horizontal Wire, length 7.62 mm
[unconnected_wire_endpoint]: Unconnected wire endpoint
    ; warning
    @(211.836 mm, 189.738 mm): Horizontal Wire, length 7.62 mm
[isolated_pin_label]: Label connected to only one pin
    ; warning
    @(204.226 mm, 189.738 mm): Label 'DETECT_PANEL'
[endpoint_off_grid]: Symbol pin or wire end off connection grid
    ; warning
    @(211.836 mm, 127.508 mm): Symbol J7 Pin 1 [Pin_1, Passive, Line]
[endpoint_off_grid]: Symbol pin or wire end off connection grid
    ; warning
    @(211.836 mm, 127.508 mm): Horizontal Wire, length 7.62 mm
[endpoint_off_grid]: Symbol pin or wire end off connection grid
    ; warning
    @(211.836 mm, 130.048 mm): Horizontal Wire, length 7.62 mm
[endpoint_off_grid]: Symbol pin or wire end off connection grid
    ; warning
    @(211.836 mm, 132.588 mm): Horizontal Wire, length 7.62 mm
[endpoint_off_grid]: Symbol pin or wire end off connection grid
    ; warning
    @(211.836 mm, 135.128 mm): Horizontal Wire, length 7.62 mm
[endpoint_off_grid]: Symbol pin or wire end off connection grid
    ; warning
    @(211.836 mm, 137.668 mm): Horizontal Wire, length 7.62 mm
[endpoint_off_grid]: Symbol pin or wire end off connection grid
    ; warning
    @(211.836 mm, 140.208 mm): Horizontal Wire, length 7.62 mm
[endpoint_off_grid]: Symbol pin or wire end off connection grid
    ; warning
    @(211.836 mm, 142.748 mm): Horizontal Wire, length 7.62 mm
[endpoint_off_grid]: Symbol pin or wire end off connection grid
    ; warning
    @(211.836 mm, 145.288 mm): Horizontal Wire, length 7.62 mm
[endpoint_off_grid]: Symbol pin or wire end off connection grid
    ; warning
    @(211.836 mm, 147.828 mm): Vertical Wire, length 2.54 mm
[endpoint_off_grid]: Symbol pin or wire end off connection grid
    ; warning
    @(211.836 mm, 150.368 mm): Horizontal Wire, length 7.62 mm
[endpoint_off_grid]: Symbol pin or wire end off connection grid
    ; warning
    @(211.836 mm, 166.878 mm): Horizontal Wire, length 7.62 mm
[endpoint_off_grid]: Symbol pin or wire end off connection grid
    ; warning
    @(211.836 mm, 166.878 mm): Symbol J8 Pin 1 [Pin_1, Passive, Line]
[endpoint_off_grid]: Symbol pin or wire end off connection grid
    ; warning
    @(211.836 mm, 169.418 mm): Horizontal Wire, length 7.62 mm
[endpoint_off_grid]: Symbol pin or wire end off connection grid
    ; warning
    @(211.836 mm, 171.958 mm): Horizontal Wire, length 7.62 mm
[endpoint_off_grid]: Symbol pin or wire end off connection grid
    ; warning
    @(211.836 mm, 174.498 mm): Horizontal Wire, length 7.62 mm
[endpoint_off_grid]: Symbol pin or wire end off connection grid
    ; warning
    @(211.836 mm, 177.038 mm): Horizontal Wire, length 7.62 mm
[endpoint_off_grid]: Symbol pin or wire end off connection grid
    ; warning
    @(211.836 mm, 179.578 mm): Horizontal Wire, length 7.62 mm
[endpoint_off_grid]: Symbol pin or wire end off connection grid
    ; warning
    @(211.836 mm, 182.118 mm): Horizontal Wire, length 7.62 mm
[endpoint_off_grid]: Symbol pin or wire end off connection grid
    ; warning
    @(211.836 mm, 184.658 mm): Horizontal Wire, length 7.62 mm
[endpoint_off_grid]: Symbol pin or wire end off connection grid
    ; warning
    @(211.836 mm, 187.198 mm): Horizontal Wire, length 7.62 mm
[endpoint_off_grid]: Symbol pin or wire end off connection grid
    ; warning
    @(211.836 mm, 189.738 mm): Horizontal Wire, length 7.62 mm
[isolated_pin_label]: Label connected to only one pin
    ; warning
    @(250.19 mm, 83.82 mm): Label 'CV_FX3'
[no_connect_dangling]: Unconnected "no connection" flag
    ; warning
    @(255.27 mm, 106.68 mm): No Connect
[no_connect_dangling]: Unconnected "no connection" flag
    ; warning
    @(255.27 mm, 114.30 mm): No Connect
[lib_symbol_mismatch]: Symbol 'GND' doesn't match copy in library 'power'
    ; warning
    @(259.08 mm, 113.03 mm): Symbol #PWRUFL9 [GND]
[endpoint_off_grid]: Symbol pin or wire end off connection grid
    ; warning
    @(272.288 mm, 63.50 mm): Symbol #PWR9010 Pin 1 [Power input, Line]
[endpoint_off_grid]: Symbol pin or wire end off connection grid
    ; warning
    @(272.288 mm, 63.50 mm): Symbol #FLG9010 Pin 1 [Power output, Line]
[lib_symbol_mismatch]: Symbol '+5V' doesn't match copy in library 'power'
    ; warning
    @(272.288 mm, 63.50 mm): Symbol #PWR9010 [+5V]
[endpoint_off_grid]: Symbol pin or wire end off connection grid
    ; warning
    @(272.288 mm, 69.85 mm): Symbol #PWR9002 Pin 1 [Power input, Line]
[endpoint_off_grid]: Symbol pin or wire end off connection grid
    ; warning
    @(272.288 mm, 69.85 mm): Symbol #FLG9002 Pin 1 [Power output, Line]
[lib_symbol_mismatch]: Symbol 'GND' doesn't match copy in library 'power'
    ; warning
    @(272.288 mm, 69.85 mm): Symbol #PWR9002 [GND]
[lib_symbol_mismatch]: Symbol 'GND' doesn't match copy in library 'power'
    ; warning
    @(281.94 mm, 113.03 mm): Symbol #PWRUFL10 [GND]
[lib_symbol_mismatch]: Symbol 'GND' doesn't match copy in library 'power'
    ; warning
    @(304.80 mm, 113.03 mm): Symbol #PWRUFL11 [GND]
[lib_symbol_mismatch]: Symbol 'GND' doesn't match copy in library 'power'
    ; warning
    @(327.66 mm, 113.03 mm): Symbol #PWRUFL12 [GND]
[endpoint_off_grid]: Symbol pin or wire end off connection grid
    ; warning
    @(335.026 mm, 142.748 mm): Horizontal Wire, length 7.62 mm
[endpoint_off_grid]: Symbol pin or wire end off connection grid
    ; warning
    @(335.026 mm, 147.828 mm): Horizontal Wire, length 7.62 mm
[endpoint_off_grid]: Symbol pin or wire end off connection grid
    ; warning
    @(335.026 mm, 155.448 mm): Horizontal Wire, length 7.62 mm
[endpoint_off_grid]: Symbol pin or wire end off connection grid
    ; warning
    @(335.026 mm, 160.528 mm): Horizontal Wire, length 7.62 mm
[endpoint_off_grid]: Symbol pin or wire end off connection grid
    ; warning
    @(335.026 mm, 165.608 mm): Horizontal Wire, length 7.62 mm
[endpoint_off_grid]: Symbol pin or wire end off connection grid
    ; warning
    @(335.026 mm, 170.688 mm): Horizontal Wire, length 7.62 mm
[unconnected_wire_endpoint]: Unconnected wire endpoint
    ; warning
    @(347.98 mm, 48.26 mm): Horizontal Wire, length 7.62 mm
[unconnected_wire_endpoint]: Unconnected wire endpoint
    ; warning
    @(347.98 mm, 53.34 mm): Horizontal Wire, length 7.62 mm
[unconnected_wire_endpoint]: Unconnected wire endpoint
    ; warning
    @(347.98 mm, 58.42 mm): Horizontal Wire, length 7.62 mm
[unconnected_wire_endpoint]: Unconnected wire endpoint
    ; warning
    @(347.98 mm, 63.50 mm): Horizontal Wire, length 7.62 mm
[unconnected_wire_endpoint]: Unconnected wire endpoint
    ; warning
    @(347.98 mm, 71.12 mm): Horizontal Wire, length 7.62 mm
[unconnected_wire_endpoint]: Unconnected wire endpoint
    ; warning
    @(347.98 mm, 76.20 mm): Horizontal Wire, length 7.62 mm
[unconnected_wire_endpoint]: Unconnected wire endpoint
    ; warning
    @(347.98 mm, 81.28 mm): Horizontal Wire, length 7.62 mm
[unconnected_wire_endpoint]: Unconnected wire endpoint
    ; warning
    @(347.98 mm, 86.36 mm): Horizontal Wire, length 7.62 mm
[lib_symbol_mismatch]: Symbol 'GND' doesn't match copy in library 'power'
    ; warning
    @(435.61 mm, 124.46 mm): Symbol #PWR4003 [GND]
[lib_symbol_mismatch]: Symbol 'GND' doesn't match copy in library 'power'
    ; warning
    @(435.61 mm, 149.86 mm): Symbol #PWR4036 [GND]
[endpoint_off_grid]: Symbol pin or wire end off connection grid
    ; warning
    @(459.994 mm, 172.72 mm): Symbol J6 Pin R [Passive, Line]
[lib_symbol_issues]: The symbol library 'ACJS-MHOM' was not found at '/home/akiel/trunk/pub/my_footprints/ACJS-MHOM/KiCad/ACJS-MHOM.kicad_sym'
    ; warning
    @(467.36 mm, 129.54 mm): Symbol J4 [ACJS-MHOM]
[lib_symbol_issues]: The symbol library 'ACJS-MHOM' was not found at '/home/akiel/trunk/pub/my_footprints/ACJS-MHOM/KiCad/ACJS-MHOM.kicad_sym'
    ; warning
    @(467.36 mm, 154.94 mm): Symbol J5 [ACJS-MHOM]
[endpoint_off_grid]: Symbol pin or wire end off connection grid
    ; warning
    @(476.504 mm, 170.18 mm): Horizontal Wire, length 16.51 mm
[endpoint_off_grid]: Symbol pin or wire end off connection grid
    ; warning
    @(476.504 mm, 171.45 mm): Symbol #PWR4017 Pin 1 [Power input, Line]
[endpoint_off_grid]: Symbol pin or wire end off connection grid
    ; warning
    @(476.504 mm, 171.45 mm): Vertical Wire, length 1.27 mm
[lib_symbol_mismatch]: Symbol 'GND' doesn't match copy in library 'power'
    ; warning
    @(476.504 mm, 171.45 mm): Symbol #PWR4017 [GND]
[lib_symbol_mismatch]: Symbol 'GND' doesn't match copy in library 'power'
    ; warning
    @(24.13 mm, 128.27 mm): Symbol #PWR4024 [GND]
[lib_symbol_mismatch]: Symbol 'GND' doesn't match copy in library 'power'
    ; warning
    @(24.13 mm, 167.64 mm): Symbol #PWR4012 [GND]
[lib_symbol_mismatch]: Symbol 'GND' doesn't match copy in library 'power'
    ; warning
    @(69.85 mm, 110.49 mm): Symbol #PWR4044 [GND]
[lib_symbol_mismatch]: Symbol 'GND' doesn't match copy in library 'power'
    ; warning
    @(69.85 mm, 149.86 mm): Symbol #PWR4045 [GND]
[lib_symbol_mismatch]: Symbol '+5V' doesn't match copy in library 'power'
    ; warning
    @(97.79 mm, 96.52 mm): Symbol #PWR4019 [+5V]
[lib_symbol_mismatch]: Symbol '-5V' doesn't match copy in library 'power'
    ; warning
    @(97.79 mm, 114.30 mm): Symbol #PWR4020 [-5V]
[lib_symbol_mismatch]: Symbol 'GND' doesn't match copy in library 'power'
    ; warning
    @(106.68 mm, 143.51 mm): Symbol #PWR4046 [GND]
[lib_symbol_mismatch]: Symbol 'GND' doesn't match copy in library 'power'
    ; warning
    @(106.68 mm, 182.88 mm): Symbol #PWR4027 [GND]
[lib_symbol_mismatch]: Symbol '+5V' doesn't match copy in library 'power'
    ; warning
    @(137.16 mm, 96.52 mm): Symbol #PWR4018 [+5V]
[lib_symbol_mismatch]: Symbol '-5V' doesn't match copy in library 'power'
    ; warning
    @(137.16 mm, 115.57 mm): Symbol #PWR4028 [-5V]
[endpoint_off_grid]: Symbol pin or wire end off connection grid
    ; warning
    @(97.536 mm, 100.838 mm): Vertical Wire, length 5.08 mm
[endpoint_off_grid]: Symbol pin or wire end off connection grid
    ; warning
    @(97.536 mm, 105.918 mm): Symbol C50 Pin 1 [Passive, Line]
[endpoint_off_grid]: Symbol pin or wire end off connection grid
    ; warning
    @(97.536 mm, 110.998 mm): Vertical Wire, length 3.81 mm
[endpoint_off_grid]: Symbol pin or wire end off connection grid
    ; warning
    @(97.536 mm, 114.808 mm): Symbol #PWR4172 Pin 1 [Power input, Line]
[endpoint_off_grid]: Symbol pin or wire end off connection grid
    ; warning
    @(103.886 mm, 108.458 mm): Symbol #PWR4179 Pin 1 [Power input, Line]
[endpoint_off_grid]: Symbol pin or wire end off connection grid
    ; warning
    @(103.886 mm, 113.538 mm): Symbol #PWR4190 Pin 1 [Power input, Line]
[endpoint_off_grid]: Symbol pin or wire end off connection grid
    ; warning
    @(107.696 mm, 110.998 mm): Symbol #PWR4200 Pin 1 [Power input, Line]
[endpoint_off_grid]: Symbol pin or wire end off connection grid
    ; warning
    @(110.236 mm, 88.138 mm): Symbol #PWR4177 Pin 1 [Power input, Line]
[endpoint_off_grid]: Symbol pin or wire end off connection grid
    ; warning
    @(110.236 mm, 103.378 mm): Symbol #PWR4182 Pin 1 [Power input, Line]
[endpoint_off_grid]: Symbol pin or wire end off connection grid
    ; warning
    @(116.586 mm, 141.478 mm): Symbol #PWR4187 Pin 1 [Power input, Line]
[endpoint_off_grid]: Symbol pin or wire end off connection grid
    ; warning
    @(116.586 mm, 145.288 mm): Vertical Wire, length 3.81 mm
[endpoint_off_grid]: Symbol pin or wire end off connection grid
    ; warning
    @(116.586 mm, 145.288 mm): Symbol C53 Pin 1 [Passive, Line]
[endpoint_off_grid]: Symbol pin or wire end off connection grid
    ; warning
    @(116.586 mm, 150.368 mm): Vertical Wire, length 3.81 mm
[endpoint_off_grid]: Symbol pin or wire end off connection grid
    ; warning
    @(116.586 mm, 154.178 mm): Symbol #PWR4180 Pin 1 [Power input, Line]
[endpoint_off_grid]: Symbol pin or wire end off connection grid
    ; warning
    @(117.856 mm, 88.138 mm): Horizontal Wire, length 7.62 mm
[endpoint_off_grid]: Symbol pin or wire end off connection grid
    ; warning
    @(117.856 mm, 90.678 mm): Horizontal Wire, length 11.43 mm
[endpoint_off_grid]: Symbol pin or wire end off connection grid
    ; warning
    @(117.856 mm, 93.218 mm): Horizontal Wire, length 11.43 mm
[endpoint_off_grid]: Symbol pin or wire end off connection grid
    ; warning
    @(117.856 mm, 95.758 mm): Horizontal Wire, length 11.43 mm
[endpoint_off_grid]: Symbol pin or wire end off connection grid
    ; warning
    @(117.856 mm, 100.838 mm): Horizontal Wire, length 20.32 mm
[endpoint_off_grid]: Symbol pin or wire end off connection grid
    ; warning
    @(117.856 mm, 103.378 mm): Horizontal Wire, length 7.62 mm
[endpoint_off_grid]: Symbol pin or wire end off connection grid
    ; warning
    @(117.856 mm, 108.458 mm): Horizontal Wire, length 13.97 mm
[endpoint_off_grid]: Symbol pin or wire end off connection grid
    ; warning
    @(117.856 mm, 110.998 mm): Horizontal Wire, length 10.16 mm
[endpoint_off_grid]: Symbol pin or wire end off connection grid
    ; warning
    @(117.856 mm, 113.538 mm): Horizontal Wire, length 13.97 mm
[endpoint_off_grid]: Symbol pin or wire end off connection grid
    ; warning
    @(128.016 mm, 71.628 mm): Symbol #PWR4186 Pin 1 [Power input, Line]
[endpoint_off_grid]: Symbol pin or wire end off connection grid
    ; warning
    @(128.016 mm, 77.978 mm): Vertical Wire, length 6.35 mm
[lib_symbol_mismatch]: Symbol 'DAC8565' doesn't match copy in library 'Analog_DAC'
    ; warning
    @(130.556 mm, 100.838 mm): Symbol U20 [DAC8565]
[endpoint_off_grid]: Symbol pin or wire end off connection grid
    ; warning
    @(130.556 mm, 118.618 mm): Vertical Wire, length 6.35 mm
[endpoint_off_grid]: Symbol pin or wire end off connection grid
    ; warning
    @(130.556 mm, 124.968 mm): Symbol #PWR4178 Pin 1 [Power input, Line]
[endpoint_off_grid]: Symbol pin or wire end off connection grid
    ; warning
    @(133.096 mm, 71.628 mm): Symbol #PWR4191 Pin 1 [Power input, Line]
[endpoint_off_grid]: Symbol pin or wire end off connection grid
    ; warning
    @(133.096 mm, 77.978 mm): Vertical Wire, length 6.35 mm
[endpoint_off_grid]: Symbol pin or wire end off connection grid
    ; warning
    @(143.256 mm, 88.138 mm): Symbol U20 Pin 1 [VOUTA, Output, Line]
[endpoint_off_grid]: Symbol pin or wire end off connection grid
    ; warning
    @(143.256 mm, 88.138 mm): Horizontal Wire, length 11.43 mm
[endpoint_off_grid]: Symbol pin or wire end off connection grid
    ; warning
    @(143.256 mm, 90.678 mm): Horizontal Wire, length 11.43 mm
[endpoint_off_grid]: Symbol pin or wire end off connection grid
    ; warning
    @(145.542 mm, 68.58 mm): Symbol #PWR4193 Pin 1 [Power input, Line]
[endpoint_off_grid]: Symbol pin or wire end off connection grid
    ; warning
    @(145.542 mm, 72.39 mm): Vertical Wire, length 3.81 mm
[endpoint_off_grid]: Symbol pin or wire end off connection grid
    ; warning
    @(145.542 mm, 72.39 mm): Symbol C52 Pin 1 [Passive, Line]
[endpoint_off_grid]: Symbol pin or wire end off connection grid
    ; warning
    @(145.542 mm, 77.47 mm): Vertical Wire, length 3.81 mm
[endpoint_off_grid]: Symbol pin or wire end off connection grid
    ; warning
    @(145.542 mm, 81.28 mm): Symbol #PWR4183 Pin 1 [Power input, Line]
[endpoint_off_grid]: Symbol pin or wire end off connection grid
    ; warning
    @(110.998 mm, 115.57 mm): Symbol #PWR4009 Pin 1 [Power input, Line]
[lib_symbol_mismatch]: Symbol '+5V' doesn't match copy in library 'power'
    ; warning
    @(110.998 mm, 115.57 mm): Symbol #PWR4009 [+5V]
[endpoint_off_grid]: Symbol pin or wire end off connection grid
    ; warning
    @(114.808 mm, 113.03 mm): Symbol #PWR4006 Pin 1 [Power input, Line]
[lib_symbol_mismatch]: Symbol '+5V' doesn't match copy in library 'power'
    ; warning
    @(114.808 mm, 113.03 mm): Symbol #PWR4006 [+5V]
[endpoint_off_grid]: Symbol pin or wire end off connection grid
    ; warning
    @(121.158 mm, 113.03 mm): Horizontal Wire, length 6.35 mm
[endpoint_off_grid]: Symbol pin or wire end off connection grid
    ; warning
    @(121.158 mm, 115.57 mm): Horizontal Wire, length 10.16 mm
[endpoint_off_grid]: Symbol pin or wire end off connection grid
    ; warning
    @(121.158 mm, 115.57 mm): Symbol U15 Pin 1 [BOOST, Input, Line]
[lib_symbol_mismatch]: Symbol '+5V' doesn't match copy in library 'power'
    ; warning
    @(130.81 mm, 93.98 mm): Symbol #PWR4023 [+5V]
[lib_symbol_mismatch]: Symbol 'GND' doesn't match copy in library 'power'
    ; warning
    @(130.81 mm, 106.68 mm): Symbol #PWR4040 [GND]
[endpoint_off_grid]: Symbol pin or wire end off connection grid
    ; warning
    @(131.318 mm, 133.35 mm): Vertical Wire, length 3.81 mm
[endpoint_off_grid]: Symbol pin or wire end off connection grid
    ; warning
    @(131.318 mm, 137.16 mm): Symbol #PWR4010 Pin 1 [Power input, Line]
[lib_symbol_mismatch]: Symbol 'GND' doesn't match copy in library 'power'
    ; warning
    @(131.318 mm, 137.16 mm): Symbol #PWR4010 [GND]
[endpoint_off_grid]: Symbol pin or wire end off connection grid
    ; warning
    @(141.478 mm, 72.39 mm): Vertical Wire, length 2.54 mm
[endpoint_off_grid]: Symbol pin or wire end off connection grid
    ; warning
    @(141.478 mm, 77.47 mm): Horizontal Wire, length 2.54 mm
[endpoint_off_grid]: Symbol pin or wire end off connection grid
    ; warning
    @(141.478 mm, 77.47 mm): Symbol J1 Pin 1 [1, Passive, Line]
[endpoint_off_grid]: Symbol pin or wire end off connection grid
    ; warning
    @(141.478 mm, 77.47 mm): Vertical Wire, length 2.54 mm
[endpoint_off_grid]: Symbol pin or wire end off connection grid
    ; warning
    @(141.478 mm, 113.03 mm): Horizontal Wire, length 13.97 mm
[endpoint_off_grid]: Symbol pin or wire end off connection grid
    ; warning
    @(141.478 mm, 118.11 mm): Horizontal Wire, length 7.62 mm
[endpoint_off_grid]: Symbol pin or wire end off connection grid
    ; warning
    @(141.478 mm, 128.27 mm): Horizontal Wire, length 7.62 mm
[endpoint_off_grid]: Symbol pin or wire end off connection grid
    ; warning
    @(144.018 mm, 69.85 mm): Vertical Wire, length 1.27 mm
[endpoint_off_grid]: Symbol pin or wire end off connection grid
    ; warning
    @(144.018 mm, 69.85 mm): Horizontal Wire, length 2.54 mm
[endpoint_off_grid]: Symbol pin or wire end off connection grid
    ; warning
    @(144.018 mm, 76.20 mm): Symbol C1 Pin 1 [Passive, Line]
[endpoint_off_grid]: Symbol pin or wire end off connection grid
    ; warning
    @(144.018 mm, 76.20 mm): Vertical Wire, length 1.27 mm
[endpoint_off_grid]: Symbol pin or wire end off connection grid
    ; warning
    @(144.018 mm, 77.47 mm): Horizontal Wire, length 3.81 mm
[endpoint_off_grid]: Symbol pin or wire end off connection grid
    ; warning
    @(147.828 mm, 69.85 mm): Horizontal Wire, length 3.81 mm
[endpoint_off_grid]: Symbol pin or wire end off connection grid
    ; warning
    @(147.828 mm, 69.85 mm): Symbol #PWR4035 Pin 1 [Power input, Line]
[lib_symbol_mismatch]: Symbol 'GND' doesn't match copy in library 'power'
    ; warning
    @(147.828 mm, 69.85 mm): Symbol #PWR4035 [GND]
[endpoint_off_grid]: Symbol pin or wire end off connection grid
    ; warning
    @(147.828 mm, 77.47 mm): Symbol #PWR4039 Pin 1 [Power input, Line]
[lib_symbol_mismatch]: Symbol '+5V' doesn't match copy in library 'power'
    ; warning
    @(147.828 mm, 77.47 mm): Symbol #PWR4039 [+5V]
[endpoint_off_grid]: Symbol pin or wire end off connection grid
    ; warning
    @(149.098 mm, 118.11 mm): Vertical Wire, length 2.54 mm
[endpoint_off_grid]: Symbol pin or wire end off connection grid
    ; warning
    @(149.098 mm, 120.65 mm): Symbol C60 Pin 1 [Passive, Line]
[endpoint_off_grid]: Symbol pin or wire end off connection grid
    ; warning
    @(149.098 mm, 128.27 mm): Vertical Wire, length 2.54 mm
[endpoint_off_grid]: Symbol pin or wire end off connection grid
    ; warning
    @(155.448 mm, 113.03 mm): Symbol C61 Pin 1 [Passive, Line]
[endpoint_off_grid]: Symbol pin or wire end off connection grid
    ; warning
    @(155.448 mm, 113.03 mm): Symbol #PWR4004 Pin 1 [Power input, Line]
[lib_symbol_mismatch]: Symbol '-5V' doesn't match copy in library 'power'
    ; warning
    @(155.448 mm, 113.03 mm): Symbol #PWR4004 [-5V]
[endpoint_off_grid]: Symbol pin or wire end off connection grid
    ; warning
    @(155.448 mm, 118.11 mm): Vertical Wire, length 3.81 mm
[endpoint_off_grid]: Symbol pin or wire end off connection grid
    ; warning
    @(155.448 mm, 121.92 mm): Symbol #PWR4043 Pin 1 [Power input, Line]
[lib_symbol_mismatch]: Symbol 'GND' doesn't match copy in library 'power'
    ; warning
    @(155.448 mm, 121.92 mm): Symbol #PWR4043 [GND]
[endpoint_off_grid]: Symbol pin or wire end off connection grid
    ; warning
    @(165.354 mm, 113.284 mm): Symbol #PWR4041 Pin 1 [Power input, Line]
[lib_symbol_mismatch]: Symbol '-5V' doesn't match copy in library 'power'
    ; warning
    @(165.354 mm, 113.284 mm): Symbol #PWR4041 [-5V]
[endpoint_off_grid]: Symbol pin or wire end off connection grid
    ; warning
    @(165.354 mm, 117.094 mm): Symbol C19 Pin 1 [Passive, Line]
[endpoint_off_grid]: Symbol pin or wire end off connection grid
    ; warning
    @(165.354 mm, 117.094 mm): Vertical Wire, length 3.81 mm
[endpoint_off_grid]: Symbol pin or wire end off connection grid
    ; warning
    @(165.354 mm, 122.174 mm): Vertical Wire, length 3.81 mm
[endpoint_off_grid]: Symbol pin or wire end off connection grid
    ; warning
    @(165.354 mm, 125.984 mm): Symbol #PWR4015 Pin 1 [Power input, Line]
[lib_symbol_mismatch]: Symbol 'GND' doesn't match copy in library 'power'
    ; warning
    @(165.354 mm, 125.984 mm): Symbol #PWR4015 [GND]
[endpoint_off_grid]: Symbol pin or wire end off connection grid
    ; warning
    @(165.608 mm, 71.12 mm): Symbol #PWR4026 Pin 1 [Power input, Line]
[lib_symbol_mismatch]: Symbol '+5V' doesn't match copy in library 'power'
    ; warning
    @(165.608 mm, 71.12 mm): Symbol #PWR4026 [+5V]
[endpoint_off_grid]: Symbol pin or wire end off connection grid
    ; warning
    @(165.608 mm, 73.66 mm): Symbol #PWR4037 Pin 1 [Power input, Line]
[lib_symbol_mismatch]: Symbol '+5V' doesn't match copy in library 'power'
    ; warning
    @(165.608 mm, 73.66 mm): Symbol #PWR4037 [+5V]
[endpoint_off_grid]: Symbol pin or wire end off connection grid
    ; warning
    @(171.958 mm, 71.12 mm): Horizontal Wire, length 6.35 mm
[endpoint_off_grid]: Symbol pin or wire end off connection grid
    ; warning
    @(171.958 mm, 73.66 mm): Horizontal Wire, length 6.35 mm
[endpoint_off_grid]: Symbol pin or wire end off connection grid
    ; warning
    @(171.958 mm, 73.66 mm): Symbol U1 Pin 1 [BOOST, Input, Line]
[endpoint_off_grid]: Symbol pin or wire end off connection grid
    ; warning
    @(175.006 mm, 45.72 mm): Symbol #PWR4008 Pin 1 [Power input, Line]
[lib_symbol_mismatch]: Symbol '+5V' doesn't match copy in library 'power'
    ; warning
    @(175.006 mm, 45.72 mm): Symbol #PWR4008 [+5V]
[endpoint_off_grid]: Symbol pin or wire end off connection grid
    ; warning
    @(175.006 mm, 49.53 mm): Vertical Wire, length 3.81 mm
[endpoint_off_grid]: Symbol pin or wire end off connection grid
    ; warning
    @(175.006 mm, 49.53 mm): Symbol C20 Pin 1 [Passive, Line]
[endpoint_off_grid]: Symbol pin or wire end off connection grid
    ; warning
    @(175.006 mm, 54.61 mm): Vertical Wire, length 3.81 mm
[endpoint_off_grid]: Symbol pin or wire end off connection grid
    ; warning
    @(175.006 mm, 58.42 mm): Symbol #PWR4032 Pin 1 [Power input, Line]
[lib_symbol_mismatch]: Symbol 'GND' doesn't match copy in library 'power'
    ; warning
    @(175.006 mm, 58.42 mm): Symbol #PWR4032 [GND]
[endpoint_off_grid]: Symbol pin or wire end off connection grid
    ; warning
    @(182.118 mm, 92.71 mm): Symbol #PWR4047 Pin 1 [Power input, Line]
[endpoint_off_grid]: Symbol pin or wire end off connection grid
    ; warning
    @(182.118 mm, 92.71 mm): Vertical Wire, length 1.27 mm
[lib_symbol_mismatch]: Symbol 'GND' doesn't match copy in library 'power'
    ; warning
    @(182.118 mm, 92.71 mm): Symbol #PWR4047 [GND]
[endpoint_off_grid]: Symbol pin or wire end off connection grid
    ; warning
    @(187.198 mm, 45.466 mm): Symbol #PWR4002 Pin 1 [Power input, Line]
[lib_symbol_mismatch]: Symbol '-5V' doesn't match copy in library 'power'
    ; warning
    @(187.198 mm, 45.466 mm): Symbol #PWR4002 [-5V]
[endpoint_off_grid]: Symbol pin or wire end off connection grid
    ; warning
    @(187.198 mm, 49.276 mm): Symbol C21 Pin 1 [Passive, Line]
[endpoint_off_grid]: Symbol pin or wire end off connection grid
    ; warning
    @(187.198 mm, 49.276 mm): Vertical Wire, length 3.81 mm
[endpoint_off_grid]: Symbol pin or wire end off connection grid
    ; warning
    @(187.198 mm, 54.356 mm): Vertical Wire, length 3.81 mm
[endpoint_off_grid]: Symbol pin or wire end off connection grid
    ; warning
    @(187.198 mm, 58.166 mm): Symbol #PWR4042 Pin 1 [Power input, Line]
[lib_symbol_mismatch]: Symbol 'GND' doesn't match copy in library 'power'
    ; warning
    @(187.198 mm, 58.166 mm): Symbol #PWR4042 [GND]
[endpoint_off_grid]: Symbol pin or wire end off connection grid
    ; warning
    @(192.278 mm, 71.12 mm): Horizontal Wire, length 27.94 mm
[endpoint_off_grid]: Symbol pin or wire end off connection grid
    ; warning
    @(192.278 mm, 76.20 mm): Horizontal Wire, length 10.16 mm
[endpoint_off_grid]: Symbol pin or wire end off connection grid
    ; warning
    @(192.278 mm, 86.36 mm): Horizontal Wire, length 10.16 mm
[endpoint_off_grid]: Symbol pin or wire end off connection grid
    ; warning
    @(202.438 mm, 76.20 mm): Vertical Wire, length 2.54 mm
[endpoint_off_grid]: Symbol pin or wire end off connection grid
    ; warning
    @(202.438 mm, 78.74 mm): Symbol C2 Pin 1 [Passive, Line]
[endpoint_off_grid]: Symbol pin or wire end off connection grid
    ; warning
    @(202.438 mm, 86.36 mm): Vertical Wire, length 2.54 mm
[endpoint_off_grid]: Symbol pin or wire end off connection grid
    ; warning
    @(216.408 mm, 135.636 mm): Symbol #PWR4189 Pin 1 [Power input, Line]
[lib_symbol_mismatch]: Symbol '+5V' doesn't match copy in library 'power'
    ; warning
    @(216.408 mm, 135.636 mm): Symbol #PWR4189 [+5V]
[endpoint_off_grid]: Symbol pin or wire end off connection grid
    ; warning
    @(216.408 mm, 139.446 mm): Vertical Wire, length 3.81 mm
[endpoint_off_grid]: Symbol pin or wire end off connection grid
    ; warning
    @(216.408 mm, 139.446 mm): Symbol C56 Pin 1 [Passive, Line]
[endpoint_off_grid]: Symbol pin or wire end off connection grid
    ; warning
    @(216.408 mm, 144.526 mm): Vertical Wire, length 3.81 mm
[endpoint_off_grid]: Symbol pin or wire end off connection grid
    ; warning
    @(216.408 mm, 148.336 mm): Symbol #PWR4173 Pin 1 [Power input, Line]
[lib_symbol_mismatch]: Symbol 'GND' doesn't match copy in library 'power'
    ; warning
    @(216.408 mm, 148.336 mm): Symbol #PWR4173 [GND]
[endpoint_off_grid]: Symbol pin or wire end off connection grid
    ; warning
    @(220.218 mm, 67.31 mm): Symbol #PWR4001 Pin 1 [Power input, Line]
[lib_symbol_mismatch]: Symbol '-5V' doesn't match copy in library 'power'
    ; warning
    @(220.218 mm, 67.31 mm): Symbol #PWR4001 [-5V]
[endpoint_off_grid]: Symbol pin or wire end off connection grid
    ; warning
    @(220.218 mm, 71.12 mm): Symbol C3 Pin 1 [Passive, Line]
[endpoint_off_grid]: Symbol pin or wire end off connection grid
    ; warning
    @(220.218 mm, 71.12 mm): Vertical Wire, length 3.81 mm
[endpoint_off_grid]: Symbol pin or wire end off connection grid
    ; warning
    @(220.218 mm, 76.20 mm): Vertical Wire, length 3.81 mm
[endpoint_off_grid]: Symbol pin or wire end off connection grid
    ; warning
    @(220.218 mm, 80.01 mm): Symbol #PWR4033 Pin 1 [Power input, Line]
[lib_symbol_mismatch]: Symbol 'GND' doesn't match copy in library 'power'
    ; warning
    @(220.218 mm, 80.01 mm): Symbol #PWR4033 [GND]
[endpoint_off_grid]: Symbol pin or wire end off connection grid
    ; warning
    @(220.218 mm, 133.096 mm): Symbol #PWR4174 Pin 1 [Power input, Line]
[lib_symbol_mismatch]: Symbol '+5V' doesn't match copy in library 'power'
    ; warning
    @(220.218 mm, 133.096 mm): Symbol #PWR4174 [+5V]
[endpoint_off_grid]: Symbol pin or wire end off connection grid
    ; warning
    @(220.218 mm, 135.636 mm): Symbol #PWR4188 Pin 1 [Power input, Line]
[lib_symbol_mismatch]: Symbol '+5V' doesn't match copy in library 'power'
    ; warning
    @(220.218 mm, 135.636 mm): Symbol #PWR4188 [+5V]
[endpoint_off_grid]: Symbol pin or wire end off connection grid
    ; warning
    @(226.568 mm, 133.096 mm): Symbol U22 Pin 1 [VIN, Power input, Line]
[endpoint_off_grid]: Symbol pin or wire end off connection grid
    ; warning
    @(226.568 mm, 133.096 mm): Horizontal Wire, length 6.35 mm
[endpoint_off_grid]: Symbol pin or wire end off connection grid
    ; warning
    @(226.568 mm, 135.636 mm): Horizontal Wire, length 6.35 mm
[endpoint_off_grid]: Symbol pin or wire end off connection grid
    ; warning
    @(234.188 mm, 108.966 mm): Symbol #PWR4196 Pin 1 [Power input, Line]
[lib_symbol_mismatch]: Symbol '+5V' doesn't match copy in library 'power'
    ; warning
    @(234.188 mm, 108.966 mm): Symbol #PWR4196 [+5V]
[endpoint_off_grid]: Symbol pin or wire end off connection grid
    ; warning
    @(234.188 mm, 112.776 mm): Symbol C51 Pin 1 [Passive, Line]
[endpoint_off_grid]: Symbol pin or wire end off connection grid
    ; warning
    @(234.188 mm, 112.776 mm): Vertical Wire, length 3.81 mm
[endpoint_off_grid]: Symbol pin or wire end off connection grid
    ; warning
    @(234.188 mm, 117.856 mm): Vertical Wire, length 3.81 mm
[endpoint_off_grid]: Symbol pin or wire end off connection grid
    ; warning
    @(234.188 mm, 121.666 mm): Symbol #PWR4170 Pin 1 [Power input, Line]
[lib_symbol_mismatch]: Symbol 'GND' doesn't match copy in library 'power'
    ; warning
    @(234.188 mm, 121.666 mm): Symbol #PWR4170 [GND]
[lib_symbol_mismatch]: Symbol 'AP2112K-3.3' doesn't match copy in library 'Regulator_Linear'
    ; warning
    @(234.188 mm, 135.636 mm): Symbol U22 [AP2112K-3.3]
[endpoint_off_grid]: Symbol pin or wire end off connection grid
    ; warning
    @(234.188 mm, 143.256 mm): Vertical Wire, length 3.81 mm
[endpoint_off_grid]: Symbol pin or wire end off connection grid
    ; warning
    @(234.188 mm, 147.066 mm): Symbol #PWR4198 Pin 1 [Power input, Line]
[lib_symbol_mismatch]: Symbol 'GND' doesn't match copy in library 'power'
    ; warning
    @(234.188 mm, 147.066 mm): Symbol #PWR4198 [GND]
[endpoint_off_grid]: Symbol pin or wire end off connection grid
    ; warning
    @(241.808 mm, 133.096 mm): Horizontal Wire, length 6.35 mm
[endpoint_off_grid]: Symbol pin or wire end off connection grid
    ; warning
    @(248.158 mm, 133.096 mm): Symbol #PWR4181 Pin 1 [Power input, Line]
[lib_symbol_mismatch]: Symbol '+3V3' doesn't match copy in library 'power'
    ; warning
    @(248.158 mm, 133.096 mm): Symbol #PWR4181 [+3V3]
[endpoint_off_grid]: Symbol pin or wire end off connection grid
    ; warning
    @(261.112 mm, 133.604 mm): Symbol #PWR4171 Pin 1 [Power input, Line]
[lib_symbol_mismatch]: Symbol '+3V3' doesn't match copy in library 'power'
    ; warning
    @(261.112 mm, 133.604 mm): Symbol #PWR4171 [+3V3]
[endpoint_off_grid]: Symbol pin or wire end off connection grid
    ; warning
    @(261.112 mm, 137.414 mm): Vertical Wire, length 3.81 mm
[endpoint_off_grid]: Symbol pin or wire end off connection grid
    ; warning
    @(261.112 mm, 137.414 mm): Symbol C57 Pin 1 [Passive, Line]
[endpoint_off_grid]: Symbol pin or wire end off connection grid
    ; warning
    @(261.112 mm, 142.494 mm): Vertical Wire, length 3.81 mm
[endpoint_off_grid]: Symbol pin or wire end off connection grid
    ; warning
    @(261.112 mm, 146.304 mm): Symbol #PWR4175 Pin 1 [Power input, Line]
[lib_symbol_mismatch]: Symbol 'GND' doesn't match copy in library 'power'
    ; warning
    @(261.112 mm, 146.304 mm): Symbol #PWR4175 [GND]
[endpoint_off_grid]: Symbol pin or wire end off connection grid
    ; warning
    @(281.178 mm, 54.61 mm): Symbol #PWR4025 Pin 1 [Power input, Line]
[endpoint_off_grid]: Symbol pin or wire end off connection grid
    ; warning
    @(281.178 mm, 54.61 mm): Vertical Wire, length 3.81 mm
[lib_symbol_mismatch]: Symbol '+5V' doesn't match copy in library 'power'
    ; warning
    @(281.178 mm, 54.61 mm): Symbol #PWR4025 [+5V]
[endpoint_off_grid]: Symbol pin or wire end off connection grid
    ; warning
    @(281.178 mm, 58.42 mm): Symbol R11 Pin 1 [Passive, Line]
[endpoint_off_grid]: Symbol pin or wire end off connection grid
    ; warning
    @(281.178 mm, 66.04 mm): Vertical Wire, length 1.27 mm
[endpoint_off_grid]: Symbol pin or wire end off connection grid
    ; warning
    @(281.178 mm, 74.93 mm): Symbol D1 Pin 1 [K, Passive, Line]
[endpoint_off_grid]: Symbol pin or wire end off connection grid
    ; warning
    @(281.178 mm, 74.93 mm): Vertical Wire, length 3.81 mm
[endpoint_off_grid]: Symbol pin or wire end off connection grid
    ; warning
    @(281.178 mm, 78.74 mm): Symbol #PWR4014 Pin 1 [Power input, Line]
[lib_symbol_mismatch]: Symbol 'GND' doesn't match copy in library 'power'
    ; warning
    @(281.178 mm, 78.74 mm): Symbol #PWR4014 [GND]
[endpoint_off_grid]: Symbol pin or wire end off connection grid
    ; warning
    @(290.068 mm, 54.61 mm): Symbol #PWR4021 Pin 1 [Power input, Line]
[endpoint_off_grid]: Symbol pin or wire end off connection grid
    ; warning
    @(290.068 mm, 54.61 mm): Vertical Wire, length 3.81 mm
[lib_symbol_mismatch]: Symbol 'GND' doesn't match copy in library 'power'
    ; warning
    @(290.068 mm, 54.61 mm): Symbol #PWR4021 [GND]
[endpoint_off_grid]: Symbol pin or wire end off connection grid
    ; warning
    @(290.068 mm, 58.42 mm): Symbol R12 Pin 1 [Passive, Line]
[endpoint_off_grid]: Symbol pin or wire end off connection grid
    ; warning
    @(290.068 mm, 66.04 mm): Vertical Wire, length 1.27 mm
[endpoint_off_grid]: Symbol pin or wire end off connection grid
    ; warning
    @(290.068 mm, 74.93 mm): Vertical Wire, length 3.81 mm
[endpoint_off_grid]: Symbol pin or wire end off connection grid
    ; warning
    @(290.068 mm, 74.93 mm): Symbol D2 Pin 1 [K, Passive, Line]
[endpoint_off_grid]: Symbol pin or wire end off connection grid
    ; warning
    @(290.068 mm, 78.74 mm): Symbol #PWR4034 Pin 1 [Power input, Line]
[lib_symbol_mismatch]: Symbol '-5V' doesn't match copy in library 'power'
    ; warning
    @(290.068 mm, 78.74 mm): Symbol #PWR4034 [-5V]
[endpoint_off_grid]: Symbol pin or wire end off connection grid
    ; warning
    @(298.958 mm, 54.61 mm): Symbol #PWR4048 Pin 1 [Power input, Line]
[endpoint_off_grid]: Symbol pin or wire end off connection grid
    ; warning
    @(298.958 mm, 54.61 mm): Vertical Wire, length 3.81 mm
[lib_symbol_mismatch]: Symbol '+3V3' doesn't match copy in library 'power'
    ; warning
    @(298.958 mm, 54.61 mm): Symbol #PWR4048 [+3V3]
[endpoint_off_grid]: Symbol pin or wire end off connection grid
    ; warning
    @(298.958 mm, 58.42 mm): Symbol R13 Pin 1 [Passive, Line]
[endpoint_off_grid]: Symbol pin or wire end off connection grid
    ; warning
    @(298.958 mm, 66.04 mm): Vertical Wire, length 1.27 mm
[endpoint_off_grid]: Symbol pin or wire end off connection grid
    ; warning
    @(298.958 mm, 74.93 mm): Symbol D3 Pin 1 [K, Passive, Line]
[endpoint_off_grid]: Symbol pin or wire end off connection grid
    ; warning
    @(298.958 mm, 74.93 mm): Vertical Wire, length 3.81 mm
[endpoint_off_grid]: Symbol pin or wire end off connection grid
    ; warning
    @(298.958 mm, 78.74 mm): Symbol #PWR4000 Pin 1 [Power input, Line]
[lib_symbol_mismatch]: Symbol 'GND' doesn't match copy in library 'power'
    ; warning
    @(298.958 mm, 78.74 mm): Symbol #PWR4000 [GND]
[lib_symbol_mismatch]: Symbol '-5V' doesn't match copy in library 'power'
    ; warning
    @(60.96 mm, 101.60 mm): Symbol #PWR4083 [-5V]
[lib_symbol_mismatch]: Symbol 'GND' doesn't match copy in library 'power'
    ; warning
    @(60.96 mm, 114.30 mm): Symbol #PWR4090 [GND]
[lib_symbol_mismatch]: Symbol 'GND' doesn't match copy in library 'power'
    ; warning
    @(67.31 mm, 129.54 mm): Symbol #PWR4071 [GND]
[lib_symbol_mismatch]: Symbol '+5V' doesn't match copy in library 'power'
    ; warning
    @(74.93 mm, 96.52 mm): Symbol #PWR4068 [+5V]
[endpoint_off_grid]: Symbol pin or wire end off connection grid
    ; warning
    @(74.93 mm, 115.57 mm): Vertical Wire, length 2.032 mm
[endpoint_off_grid]: Symbol pin or wire end off connection grid
    ; warning
    @(74.93 mm, 117.602 mm): Symbol #PWR4054 Pin 1 [Power input, Line]
[lib_symbol_mismatch]: Symbol '-5V' doesn't match copy in library 'power'
    ; warning
    @(74.93 mm, 117.602 mm): Symbol #PWR4054 [-5V]
[lib_symbol_mismatch]: Symbol '-5V' doesn't match copy in library 'power'
    ; warning
    @(85.09 mm, 261.62 mm): Symbol #PWR4062 [-5V]
[lib_symbol_mismatch]: Symbol 'GND' doesn't match copy in library 'power'
    ; warning
    @(85.09 mm, 274.32 mm): Symbol #PWR4085 [GND]
[lib_symbol_mismatch]: Symbol 'GND' doesn't match copy in library 'power'
    ; warning
    @(91.44 mm, 86.36 mm): Symbol #PWR4079 [GND]
[unconnected_wire_endpoint]: Unconnected wire endpoint
    ; warning
    @(85.09 mm, 132.08 mm): Horizontal Wire, length 7.62 mm
[lib_symbol_mismatch]: Symbol '+5V' doesn't match copy in library 'power'
    ; warning
    @(97.79 mm, 80.01 mm): Symbol #PWR4072 [+5V]
[lib_symbol_mismatch]: Symbol 'GND' doesn't match copy in library 'power'
    ; warning
    @(97.79 mm, 85.09 mm): Symbol #PWR4073 [GND]
[lib_symbol_mismatch]: Symbol 'GND' doesn't match copy in library 'power'
    ; warning
    @(101.60 mm, 82.55 mm): Symbol #PWR4055 [GND]
[lib_symbol_mismatch]: Symbol 'GND' doesn't match copy in library 'power'
    ; warning
    @(104.14 mm, 59.69 mm): Symbol #PWR4077 [GND]
[lib_symbol_mismatch]: Symbol 'GND' doesn't match copy in library 'power'
    ; warning
    @(104.14 mm, 74.93 mm): Symbol #PWR4050 [GND]
[endpoint_off_grid]: Symbol pin or wire end off connection grid
    ; warning
    @(112.014 mm, 34.29 mm): Symbol #PWR04342 Pin 1 [Power input, Line]
[lib_symbol_mismatch]: Symbol '+5V' doesn't match copy in library 'power'
    ; warning
    @(112.014 mm, 34.29 mm): Symbol #PWR04342 [+5V]
[endpoint_off_grid]: Symbol pin or wire end off connection grid
    ; warning
    @(112.014 mm, 38.10 mm): Symbol C54 Pin 1 [Passive, Line]
[endpoint_off_grid]: Symbol pin or wire end off connection grid
    ; warning
    @(112.014 mm, 38.10 mm): Vertical Wire, length 3.81 mm
[endpoint_off_grid]: Symbol pin or wire end off connection grid
    ; warning
    @(112.014 mm, 43.18 mm): Vertical Wire, length 3.81 mm
[endpoint_off_grid]: Symbol pin or wire end off connection grid
    ; warning
    @(112.014 mm, 46.99 mm): Symbol #PWR04343 Pin 1 [Power input, Line]
[lib_symbol_mismatch]: Symbol 'GND' doesn't match copy in library 'power'
    ; warning
    @(112.014 mm, 46.99 mm): Symbol #PWR04343 [GND]
[lib_symbol_mismatch]: Symbol '+5V' doesn't match copy in library 'power'
    ; warning
    @(121.92 mm, 43.18 mm): Symbol #PWR4051 [+5V]
[lib_symbol_mismatch]: Symbol 'DAC8565' doesn't match copy in library 'Analog_DAC'
    ; warning
    @(124.46 mm, 72.39 mm): Symbol U7 [DAC8565]
[lib_symbol_mismatch]: Symbol 'GND' doesn't match copy in library 'power'
    ; warning
    @(124.46 mm, 96.52 mm): Symbol #PWR4089 [GND]
[lib_symbol_mismatch]: Symbol '+5V' doesn't match copy in library 'power'
    ; warning
    @(127.00 mm, 43.18 mm): Symbol #PWR4067 [+5V]
[lib_symbol_mismatch]: Symbol 'GND' doesn't match copy in library 'power'
    ; warning
    @(138.43 mm, 172.72 mm): Symbol #PWR4060 [GND]
[lib_symbol_mismatch]: Symbol 'GND' doesn't match copy in library 'power'
    ; warning
    @(138.43 mm, 237.49 mm): Symbol #PWR4052 [GND]
[isolated_pin_label]: Label connected to only one pin
    ; warning
    @(148.59 mm, 62.23 mm): Label 'CV_RES'
[isolated_pin_label]: Label connected to only one pin
    ; warning
    @(148.59 mm, 67.31 mm): Hierarchical Label 'CV_FX3'
[lib_symbol_mismatch]: Symbol '+5V' doesn't match copy in library 'power'
    ; warning
    @(149.86 mm, 148.59 mm): Symbol #PWR4086 [+5V]
[lib_symbol_mismatch]: Symbol 'GND' doesn't match copy in library 'power'
    ; warning
    @(149.86 mm, 161.29 mm): Symbol #PWR4070 [GND]
[lib_symbol_mismatch]: Symbol 'GND' doesn't match copy in library 'power'
    ; warning
    @(165.10 mm, 190.50 mm): Symbol #PWR4053 [GND]
[lib_symbol_mismatch]: Symbol 'GND' doesn't match copy in library 'power'
    ; warning
    @(165.10 mm, 255.27 mm): Symbol #PWR4057 [GND]
[lib_symbol_mismatch]: Symbol 'GND' doesn't match copy in library 'power'
    ; warning
    @(173.99 mm, 187.96 mm): Symbol #PWR4049 [GND]
[lib_symbol_mismatch]: Symbol 'GND' doesn't match copy in library 'power'
    ; warning
    @(173.99 mm, 252.73 mm): Symbol #PWR4069 [GND]
[unconnected_wire_endpoint]: Unconnected wire endpoint
    ; warning
    @(177.80 mm, 177.80 mm): Horizontal Wire, length 6.35 mm
[unconnected_wire_endpoint]: Unconnected wire endpoint
    ; warning
    @(177.80 mm, 242.57 mm): Horizontal Wire, length 6.35 mm
[lib_symbol_mismatch]: Symbol '+5V' doesn't match copy in library 'power'
    ; warning
    @(201.93 mm, 184.15 mm): Symbol #PWR4087 [+5V]
[lib_symbol_mismatch]: Symbol '-5V' doesn't match copy in library 'power'
    ; warning
    @(201.93 mm, 207.01 mm): Symbol #PWR4082 [-5V]
[lib_symbol_mismatch]: Symbol '+5V' doesn't match copy in library 'power'
    ; warning
    @(201.93 mm, 248.92 mm): Symbol #PWR4081 [+5V]
[lib_symbol_mismatch]: Symbol '-5V' doesn't match copy in library 'power'
    ; warning
    @(201.93 mm, 271.78 mm): Symbol #PWR4088 [-5V]
[endpoint_off_grid]: Symbol pin or wire end off connection grid
    ; warning
    @(203.708 mm, 220.472 mm): Symbol #PWR4080 Pin 1 [Power input, Line]
[lib_symbol_mismatch]: Symbol '+5V' doesn't match copy in library 'power'
    ; warning
    @(203.708 mm, 220.472 mm): Symbol #PWR4080 [+5V]
[endpoint_off_grid]: Symbol pin or wire end off connection grid
    ; warning
    @(203.708 mm, 224.282 mm): Symbol C90 Pin 1 [Passive, Line]
[endpoint_off_grid]: Symbol pin or wire end off connection grid
    ; warning
    @(203.708 mm, 224.282 mm): Vertical Wire, length 3.81 mm
[endpoint_off_grid]: Symbol pin or wire end off connection grid
    ; warning
    @(203.708 mm, 229.362 mm): Vertical Wire, length 3.81 mm
[endpoint_off_grid]: Symbol pin or wire end off connection grid
    ; warning
    @(203.708 mm, 233.172 mm): Symbol #PWR4059 Pin 1 [Power input, Line]
[lib_symbol_mismatch]: Symbol 'GND' doesn't match copy in library 'power'
    ; warning
    @(203.708 mm, 233.172 mm): Symbol #PWR4059 [GND]
[lib_symbol_mismatch]: Symbol 'GND' doesn't match copy in library 'power'
    ; warning
    @(238.76 mm, 172.72 mm): Symbol #PWR4061 [GND]
[lib_symbol_mismatch]: Symbol 'GND' doesn't match copy in library 'power'
    ; warning
    @(238.76 mm, 237.49 mm): Symbol #PWR4066 [GND]
[lib_symbol_mismatch]: Symbol '-5V' doesn't match copy in library 'power'
    ; warning
    @(240.03 mm, 213.36 mm): Symbol #PWR4075 [-5V]
[lib_symbol_mismatch]: Symbol 'GND' doesn't match copy in library 'power'
    ; warning
    @(240.03 mm, 226.06 mm): Symbol #PWR4091 [GND]
[lib_symbol_mismatch]: Symbol 'GND' doesn't match copy in library 'power'
    ; warning
    @(265.43 mm, 190.50 mm): Symbol #PWR4078 [GND]
[lib_symbol_mismatch]: Symbol 'GND' doesn't match copy in library 'power'
    ; warning
    @(265.43 mm, 255.27 mm): Symbol #PWR4074 [GND]
[unconnected_wire_endpoint]: Unconnected wire endpoint
    ; warning
    @(278.13 mm, 177.80 mm): Horizontal Wire, length 6.35 mm
[unconnected_wire_endpoint]: Unconnected wire endpoint
    ; warning
    @(278.13 mm, 242.57 mm): Horizontal Wire, length 6.35 mm
[lib_symbol_mismatch]: Symbol 'GND' doesn't match copy in library 'power'
    ; warning
    @(313.69 mm, 144.78 mm): Symbol #PWR4076 [GND]
[lib_symbol_mismatch]: Symbol 'GND' doesn't match copy in library 'power'
    ; warning
    @(321.31 mm, 137.16 mm): Symbol #PWR4058 [GND]
[lib_symbol_mismatch]: Symbol 'GND' doesn't match copy in library 'power'
    ; warning
    @(337.82 mm, 156.21 mm): Symbol #PWR4063 [GND]
[lib_symbol_mismatch]: Symbol '+5V' doesn't match copy in library 'power'
    ; warning
    @(340.36 mm, 102.87 mm): Symbol #PWR4065 [+5V]
[lib_symbol_mismatch]: Symbol '-5V' doesn't match copy in library 'power'
    ; warning
    @(346.71 mm, 156.21 mm): Symbol #PWR4084 [-5V]
[endpoint_off_grid]: Symbol pin or wire end off connection grid
    ; warning
    @(363.474 mm, 135.636 mm): Symbol #PWR4056 Pin 1 [Power input, Line]
[lib_symbol_mismatch]: Symbol '+5V' doesn't match copy in library 'power'
    ; warning
    @(363.474 mm, 135.636 mm): Symbol #PWR4056 [+5V]
[endpoint_off_grid]: Symbol pin or wire end off connection grid
    ; warning
    @(363.474 mm, 139.446 mm): Vertical Wire, length 3.81 mm
[endpoint_off_grid]: Symbol pin or wire end off connection grid
    ; warning
    @(363.474 mm, 139.446 mm): Symbol C94 Pin 1 [Passive, Line]
[endpoint_off_grid]: Symbol pin or wire end off connection grid
    ; warning
    @(363.474 mm, 144.526 mm): Vertical Wire, length 3.81 mm
[endpoint_off_grid]: Symbol pin or wire end off connection grid
    ; warning
    @(363.474 mm, 148.336 mm): Symbol #PWR4064 Pin 1 [Power input, Line]
[lib_symbol_mismatch]: Symbol 'GND' doesn't match copy in library 'power'
    ; warning
    @(363.474 mm, 148.336 mm): Symbol #PWR4064 [GND]
[endpoint_off_grid]: Symbol pin or wire end off connection grid
    ; warning
    @(377.444 mm, 135.636 mm): Symbol #PWR04185 Pin 1 [Power input, Line]
[lib_symbol_mismatch]: Symbol '-5V' doesn't match copy in library 'power'
    ; warning
    @(377.444 mm, 135.636 mm): Symbol #PWR04185 [-5V]
[endpoint_off_grid]: Symbol pin or wire end off connection grid
    ; warning
    @(377.444 mm, 139.446 mm): Vertical Wire, length 3.81 mm
[endpoint_off_grid]: Symbol pin or wire end off connection grid
    ; warning
    @(377.444 mm, 139.446 mm): Symbol C96 Pin 1 [Passive, Line]
[endpoint_off_grid]: Symbol pin or wire end off connection grid
    ; warning
    @(377.444 mm, 144.526 mm): Vertical Wire, length 3.81 mm
[endpoint_off_grid]: Symbol pin or wire end off connection grid
    ; warning
    @(377.444 mm, 148.336 mm): Symbol #PWR04192 Pin 1 [Power input, Line]
[lib_symbol_mismatch]: Symbol 'GND' doesn't match copy in library 'power'
    ; warning
    @(377.444 mm, 148.336 mm): Symbol #PWR04192 [GND]
[lib_symbol_mismatch]: Symbol '+5V' doesn't match copy in library 'power'
    ; warning
    @(13.97 mm, 241.30 mm): Symbol #PWR4167 [+5V]
[lib_symbol_mismatch]: Symbol 'GND' doesn't match copy in library 'power'
    ; warning
    @(13.97 mm, 254.00 mm): Symbol #PWR4132 [GND]
[lib_symbol_mismatch]: Symbol 'GND' doesn't match copy in library 'power'
    ; warning
    @(26.67 mm, 129.54 mm): Symbol #PWR4140 [GND]
[lib_symbol_mismatch]: Symbol 'GND' doesn't match copy in library 'power'
    ; warning
    @(26.67 mm, 260.35 mm): Symbol #PWR4134 [GND]
[lib_symbol_mismatch]: Symbol '+5V' doesn't match copy in library 'power'
    ; warning
    @(27.94 mm, 106.68 mm): Symbol #PWR4148 [+5V]
[lib_symbol_mismatch]: Symbol '-5V' doesn't match copy in library 'power'
    ; warning
    @(27.94 mm, 129.54 mm): Symbol #PWR4110 [-5V]
[lib_symbol_mismatch]: Symbol '+5V' doesn't match copy in library 'power'
    ; warning
    @(27.94 mm, 236.22 mm): Symbol #PWR4158 [+5V]
[lib_symbol_mismatch]: Symbol '-5V' doesn't match copy in library 'power'
    ; warning
    @(27.94 mm, 259.08 mm): Symbol #PWR4116 [-5V]
[unconnected_wire_endpoint]: Unconnected wire endpoint
    ; warning
    @(29.21 mm, 64.77 mm): Horizontal Wire, length 11.43 mm
[unconnected_wire_endpoint]: Unconnected wire endpoint
    ; warning
    @(29.21 mm, 194.31 mm): Horizontal Wire, length 11.43 mm
[lib_symbol_mismatch]: Symbol 'GND' doesn't match copy in library 'power'
    ; warning
    @(43.18 mm, 109.22 mm): Symbol #PWR4100 [GND]
[lib_symbol_mismatch]: Symbol 'GND' doesn't match copy in library 'power'
    ; warning
    @(43.18 mm, 240.03 mm): Symbol #PWR4138 [GND]
[lib_symbol_mismatch]: Symbol 'GND' doesn't match copy in library 'power'
    ; warning
    @(44.45 mm, 36.83 mm): Symbol #PWR4165 [GND]
[lib_symbol_mismatch]: Symbol 'GND' doesn't match copy in library 'power'
    ; warning
    @(44.45 mm, 67.31 mm): Symbol #PWR4114 [GND]
[lib_symbol_mismatch]: Symbol 'GND' doesn't match copy in library 'power'
    ; warning
    @(44.45 mm, 167.64 mm): Symbol #PWR4104 [GND]
[lib_symbol_mismatch]: Symbol 'GND' doesn't match copy in library 'power'
    ; warning
    @(44.45 mm, 196.85 mm): Symbol #PWR4126 [GND]
[lib_symbol_mismatch]: Symbol '-5V' doesn't match copy in library 'power'
    ; warning
    @(54.61 mm, 83.82 mm): Symbol #PWR4169 [-5V]
[lib_symbol_mismatch]: Symbol 'GND' doesn't match copy in library 'power'
    ; warning
    @(54.61 mm, 96.52 mm): Symbol #PWR4128 [GND]
[endpoint_off_grid]: Symbol pin or wire end off connection grid
    ; warning
    @(57.46 mm, 60.00 mm): Symbol J13 Pin 1 [In, Passive, Line]
[endpoint_off_grid]: Symbol pin or wire end off connection grid
    ; warning
    @(57.46 mm, 70.00 mm): Symbol J14 Pin 1 [In, Passive, Line]
[endpoint_off_grid]: Symbol pin or wire end off connection grid
    ; warning
    @(57.46 mm, 80.00 mm): Symbol J15 Pin 1 [In, Passive, Line]
[endpoint_off_grid]: Symbol pin or wire end off connection grid
    ; warning
    @(57.46 mm, 90.00 mm): Symbol J16 Pin 1 [In, Passive, Line]
[lib_symbol_mismatch]: Symbol 'GND' doesn't match copy in library 'power'
    ; warning
    @(68.58 mm, 127.00 mm): Symbol #PWR4130 [GND]
[lib_symbol_mismatch]: Symbol 'GND' doesn't match copy in library 'power'
    ; warning
    @(68.58 mm, 257.81 mm): Symbol #PWR4131 [GND]
[lib_symbol_mismatch]: Symbol '-5V' doesn't match copy in library 'power'
    ; warning
    @(71.12 mm, 53.34 mm): Symbol #PWR4147 [-5V]
[lib_symbol_mismatch]: Symbol 'GND' doesn't match copy in library 'power'
    ; warning
    @(71.12 mm, 66.04 mm): Symbol #PWR4095 [GND]
[lib_symbol_mismatch]: Symbol 'GND' doesn't match copy in library 'power'
    ; warning
    @(82.55 mm, 76.20 mm): Symbol #PWR4146 [GND]
[lib_symbol_mismatch]: Symbol 'GND' doesn't match copy in library 'power'
    ; warning
    @(82.55 mm, 104.14 mm): Symbol #PWR4164 [GND]
[lib_symbol_mismatch]: Symbol 'GND' doesn't match copy in library 'power'
    ; warning
    @(82.55 mm, 205.74 mm): Symbol #PWR4101 [GND]
[lib_symbol_mismatch]: Symbol 'GND' doesn't match copy in library 'power'
    ; warning
    @(82.55 mm, 233.68 mm): Symbol #PWR4103 [GND]
[endpoint_off_grid]: Symbol pin or wire end off connection grid
    ; warning
    @(84.92 mm, 59.84 mm): Symbol J17 Pin 1 [Pin_1, Passive, Line]
[lib_symbol_mismatch]: Symbol '+5V' doesn't match copy in library 'power'
    ; warning
    @(91.44 mm, 125.73 mm): Symbol #PWR4102 [+5V]
[lib_symbol_mismatch]: Symbol 'GND' doesn't match copy in library 'power'
    ; warning
    @(91.44 mm, 138.43 mm): Symbol #PWR4127 [GND]
[lib_symbol_mismatch]: Symbol 'GND' doesn't match copy in library 'power'
    ; warning
    @(99.06 mm, 55.88 mm): Symbol #PWR4119 [GND]
[lib_symbol_mismatch]: Symbol 'GND' doesn't match copy in library 'power'
    ; warning
    @(99.06 mm, 83.82 mm): Symbol #PWR4157 [GND]
[lib_symbol_mismatch]: Symbol 'GND' doesn't match copy in library 'power'
    ; warning
    @(99.06 mm, 185.42 mm): Symbol #PWR4122 [GND]
[lib_symbol_mismatch]: Symbol 'GND' doesn't match copy in library 'power'
    ; warning
    @(99.06 mm, 213.36 mm): Symbol #PWR4106 [GND]
[lib_symbol_mismatch]: Symbol '+5V' doesn't match copy in library 'power'
    ; warning
    @(107.95 mm, 236.22 mm): Symbol #PWR4151 [+5V]
[lib_symbol_mismatch]: Symbol 'GND' doesn't match copy in library 'power'
    ; warning
    @(107.95 mm, 248.92 mm): Symbol #PWR4155 [GND]
[lib_symbol_mismatch]: Symbol '-5V' doesn't match copy in library 'power'
    ; warning
    @(110.49 mm, 31.75 mm): Symbol #PWR4121 [-5V]
[lib_symbol_mismatch]: Symbol 'GND' doesn't match copy in library 'power'
    ; warning
    @(110.49 mm, 44.45 mm): Symbol #PWR4144 [GND]
[lib_symbol_mismatch]: Symbol '+5V' doesn't match copy in library 'power'
    ; warning
    @(111.76 mm, 265.43 mm): Symbol #PWR4094 [+5V]
[lib_symbol_mismatch]: Symbol 'GND' doesn't match copy in library 'power'
    ; warning
    @(111.76 mm, 278.13 mm): Symbol #PWR4120 [GND]
[lib_symbol_mismatch]: Symbol '+5V' doesn't match copy in library 'power'
    ; warning
    @(121.92 mm, 100.33 mm): Symbol #PWR4108 [+5V]
[lib_symbol_mismatch]: Symbol '-5V' doesn't match copy in library 'power'
    ; warning
    @(121.92 mm, 123.19 mm): Symbol #PWR4135 [-5V]
[lib_symbol_mismatch]: Symbol '+5V' doesn't match copy in library 'power'
    ; warning
    @(121.92 mm, 231.14 mm): Symbol #PWR4137 [+5V]
[lib_symbol_mismatch]: Symbol '-5V' doesn't match copy in library 'power'
    ; warning
    @(121.92 mm, 254.00 mm): Symbol #PWR4118 [-5V]
[lib_symbol_mismatch]: Symbol '-5V' doesn't match copy in library 'power'
    ; warning
    @(123.19 mm, 171.45 mm): Symbol #PWR4153 [-5V]
[lib_symbol_mismatch]: Symbol 'GND' doesn't match copy in library 'power'
    ; warning
    @(123.19 mm, 184.15 mm): Symbol #PWR4096 [GND]
[lib_symbol_mismatch]: Symbol 'GND' doesn't match copy in library 'power'
    ; warning
    @(124.46 mm, 72.39 mm): Symbol #PWR4162 [GND]
[lib_symbol_mismatch]: Symbol 'GND' doesn't match copy in library 'power'
    ; warning
    @(124.46 mm, 100.33 mm): Symbol #PWR4092 [GND]
[lib_symbol_mismatch]: Symbol 'GND' doesn't match copy in library 'power'
    ; warning
    @(124.46 mm, 201.93 mm): Symbol #PWR4124 [GND]
[lib_symbol_mismatch]: Symbol 'GND' doesn't match copy in library 'power'
    ; warning
    @(124.46 mm, 229.87 mm): Symbol #PWR4143 [GND]
[lib_symbol_mismatch]: Symbol '-5V' doesn't match copy in library 'power'
    ; warning
    @(127.00 mm, 41.91 mm): Symbol #PWR4168 [-5V]
[lib_symbol_mismatch]: Symbol 'GND' doesn't match copy in library 'power'
    ; warning
    @(127.00 mm, 54.61 mm): Symbol #PWR4115 [GND]
[lib_symbol_mismatch]: Symbol '+5V' doesn't match copy in library 'power'
    ; warning
    @(129.54 mm, 265.43 mm): Symbol #PWR4166 [+5V]
[lib_symbol_mismatch]: Symbol 'GND' doesn't match copy in library 'power'
    ; warning
    @(129.54 mm, 278.13 mm): Symbol #PWR4156 [GND]
[lib_symbol_mismatch]: Symbol '-5V' doesn't match copy in library 'power'
    ; warning
    @(139.70 mm, 161.29 mm): Symbol #PWR4161 [-5V]
[lib_symbol_mismatch]: Symbol 'GND' doesn't match copy in library 'power'
    ; warning
    @(139.70 mm, 173.99 mm): Symbol #PWR4129 [GND]
[lib_symbol_mismatch]: Symbol '-5V' doesn't match copy in library 'power'
    ; warning
    @(148.59 mm, 76.20 mm): Symbol #PWR4149 [-5V]
[lib_symbol_mismatch]: Symbol '-5V' doesn't match copy in library 'power'
    ; warning
    @(148.59 mm, 104.14 mm): Symbol #PWR4111 [-5V]
[lib_symbol_mismatch]: Symbol '-5V' doesn't match copy in library 'power'
    ; warning
    @(148.59 mm, 205.74 mm): Symbol #PWR4152 [-5V]
[lib_symbol_mismatch]: Symbol '-5V' doesn't match copy in library 'power'
    ; warning
    @(148.59 mm, 233.68 mm): Symbol #PWR4163 [-5V]
[lib_symbol_mismatch]: Symbol '+5V' doesn't match copy in library 'power'
    ; warning
    @(148.59 mm, 265.43 mm): Symbol #PWR4150 [+5V]
[lib_symbol_mismatch]: Symbol 'GND' doesn't match copy in library 'power'
    ; warning
    @(148.59 mm, 278.13 mm): Symbol #PWR4097 [GND]
[lib_symbol_mismatch]: Symbol '+5V' doesn't match copy in library 'power'
    ; warning
    @(165.10 mm, 60.96 mm): Symbol #PWR4133 [+5V]
[lib_symbol_mismatch]: Symbol '-5V' doesn't match copy in library 'power'
    ; warning
    @(165.10 mm, 83.82 mm): Symbol #PWR4136 [-5V]
[lib_symbol_mismatch]: Symbol '+5V' doesn't match copy in library 'power'
    ; warning
    @(165.10 mm, 190.50 mm): Symbol #PWR4139 [+5V]
[lib_symbol_mismatch]: Symbol '-5V' doesn't match copy in library 'power'
    ; warning
    @(165.10 mm, 213.36 mm): Symbol #PWR4142 [-5V]
[lib_symbol_mismatch]: Symbol 'GND' doesn't match copy in library 'power'
    ; warning
    @(195.58 mm, 77.47 mm): Symbol #PWR4112 [GND]
[lib_symbol_mismatch]: Symbol 'GND' doesn't match copy in library 'power'
    ; warning
    @(195.58 mm, 207.01 mm): Symbol #PWR4125 [GND]
[lib_symbol_mismatch]: Symbol '-5V' doesn't match copy in library 'power'
    ; warning
    @(198.12 mm, 53.34 mm): Symbol #PWR4109 [-5V]
[lib_symbol_mismatch]: Symbol 'GND' doesn't match copy in library 'power'
    ; warning
    @(198.12 mm, 66.04 mm): Symbol #PWR4117 [GND]
[lib_symbol_mismatch]: Symbol '+5V' doesn't match copy in library 'power'
    ; warning
    @(198.12 mm, 182.88 mm): Symbol #PWR4093 [+5V]
[lib_symbol_mismatch]: Symbol 'GND' doesn't match copy in library 'power'
    ; warning
    @(198.12 mm, 195.58 mm): Symbol #PWR4107 [GND]
[lib_symbol_mismatch]: Symbol 'GND' doesn't match copy in library 'power'
    ; warning
    @(212.09 mm, 96.52 mm): Symbol #PWR4141 [GND]
[lib_symbol_mismatch]: Symbol 'GND' doesn't match copy in library 'power'
    ; warning
    @(212.09 mm, 226.06 mm): Symbol #PWR4154 [GND]
[lib_symbol_mismatch]: Symbol '+5V' doesn't match copy in library 'power'
    ; warning
    @(214.63 mm, 43.18 mm): Symbol #PWR4145 [+5V]
[lib_symbol_mismatch]: Symbol '+5V' doesn't match copy in library 'power'
    ; warning
    @(214.63 mm, 172.72 mm): Symbol #PWR4160 [+5V]
[lib_symbol_mismatch]: Symbol '-5V' doesn't match copy in library 'power'
    ; warning
    @(220.98 mm, 96.52 mm): Symbol #PWR4159 [-5V]
[lib_symbol_mismatch]: Symbol '-5V' doesn't match copy in library 'power'
    ; warning
    @(220.98 mm, 226.06 mm): Symbol #PWR4098 [-5V]
[lib_symbol_mismatch]: Symbol '-5V' doesn't match copy in library 'power'
    ; warning
    @(231.14 mm, 53.34 mm): Symbol #PWR4099 [-5V]
[lib_symbol_mismatch]: Symbol 'GND' doesn't match copy in library 'power'
    ; warning
    @(231.14 mm, 66.04 mm): Symbol #PWR4113 [GND]
[lib_symbol_mismatch]: Symbol '+5V' doesn't match copy in library 'power'
    ; warning
    @(231.14 mm, 182.88 mm): Symbol #PWR4123 [+5V]
[lib_symbol_mismatch]: Symbol 'GND' doesn't match copy in library 'power'
    ; warning
    @(231.14 mm, 195.58 mm): Symbol #PWR4105 [GND]
[lib_symbol_mismatch]: Symbol '+5V' doesn't match copy in library 'power'
    ; warning
    @(143.51 mm, 165.10 mm): Symbol #PWR4337 [+5V]
[lib_symbol_mismatch]: Symbol '-5V' doesn't match copy in library 'power'
    ; warning
    @(143.51 mm, 187.96 mm): Symbol #PWR4340 [-5V]
[lib_symbol_mismatch]: Symbol 'MMBT3904' doesn't match copy in library 'Transistor_BJT'
    ; warning
    @(195.58 mm, 156.21 mm): Symbol Q1 [MMBT3904]
[lib_symbol_mismatch]: Symbol 'MMBT3906' doesn't match copy in library 'Transistor_BJT'
    ; warning
    @(195.58 mm, 170.18 mm): Symbol Q2 [MMBT3906]
[lib_symbol_mismatch]: Symbol 'MMBT3904' doesn't match copy in library 'Transistor_BJT'
    ; warning
    @(195.58 mm, 185.42 mm): Symbol Q3 [MMBT3904]
[lib_symbol_mismatch]: Symbol 'MMBT3906' doesn't match copy in library 'Transistor_BJT'
    ; warning
    @(195.58 mm, 199.39 mm): Symbol Q4 [MMBT3906]
[lib_symbol_mismatch]: Symbol '+5V' doesn't match copy in library 'power'
    ; warning
    @(198.12 mm, 147.32 mm): Symbol #PWR4341 [+5V]
[lib_symbol_mismatch]: Symbol '-5V' doesn't match copy in library 'power'
    ; warning
    @(198.12 mm, 163.83 mm): Symbol #PWR4336 [-5V]
[lib_symbol_mismatch]: Symbol '+5V' doesn't match copy in library 'power'
    ; warning
    @(198.12 mm, 179.07 mm): Symbol #PWR4339 [+5V]
[lib_symbol_mismatch]: Symbol '-5V' doesn't match copy in library 'power'
    ; warning
    @(198.12 mm, 194.31 mm): Symbol #PWR4338 [-5V]
[label_multiple_wires]: Label connects more than one wire at 2070100, 1625600
    ; warning
    @(207.01 mm, 162.56 mm): Label 'BUF_L'
    @(204.47 mm, 162.56 mm): Horizontal Wire, length 11.43 mm
[unconnected_wire_endpoint]: Unconnected wire endpoint
    ; warning
    @(204.47 mm, 162.56 mm): Horizontal Wire, length 11.43 mm
[endpoint_off_grid]: Symbol pin or wire end off connection grid
    ; warning
    @(14.732 mm, 152.146 mm): Symbol #PWR4307 Pin 1 [Power input, Line]
[lib_symbol_mismatch]: Symbol '+5V' doesn't match copy in library 'power'
    ; warning
    @(14.732 mm, 152.146 mm): Symbol #PWR4307 [+5V]
[endpoint_off_grid]: Symbol pin or wire end off connection grid
    ; warning
    @(14.732 mm, 155.956 mm): Vertical Wire, length 3.81 mm
[endpoint_off_grid]: Symbol pin or wire end off connection grid
    ; warning
    @(14.732 mm, 171.196 mm): Vertical Wire, length 3.81 mm
[endpoint_off_grid]: Symbol pin or wire end off connection grid
    ; warning
    @(14.732 mm, 171.196 mm): Symbol U77 Pin 4 [V-, Power input, Line]
[endpoint_off_grid]: Symbol pin or wire end off connection grid
    ; warning
    @(14.732 mm, 175.006 mm): Symbol #PWR4316 Pin 1 [Power input, Line]
[lib_symbol_mismatch]: Symbol '-5V' doesn't match copy in library 'power'
    ; warning
    @(14.732 mm, 175.006 mm): Symbol #PWR4316 [-5V]
[endpoint_off_grid]: Symbol pin or wire end off connection grid
    ; warning
    @(29.464 mm, 182.118 mm): Symbol R1067 Pin 1 [Passive, Line]
[endpoint_off_grid]: Symbol pin or wire end off connection grid
    ; warning
    @(29.464 mm, 182.118 mm): Horizontal Wire, length 3.81 mm
[lib_symbol_mismatch]: Symbol '+5V' doesn't match copy in library 'power'
    ; warning
    @(31.75 mm, 157.48 mm): Symbol #PWR4311 [+5V]
[lib_symbol_mismatch]: Symbol '+5V' doesn't match copy in library 'power'
    ; warning
    @(36.83 mm, 118.11 mm): Symbol #PWR4321 [+5V]
[lib_symbol_mismatch]: Symbol '-5V' doesn't match copy in library 'power'
    ; warning
    @(36.83 mm, 140.97 mm): Symbol #PWR4317 [-5V]
[endpoint_off_grid]: Symbol pin or wire end off connection grid
    ; warning
    @(37.084 mm, 182.118 mm): Horizontal Wire, length 3.81 mm
[lib_symbol_mismatch]: Symbol '+5V' doesn't match copy in library 'power'
    ; warning
    @(39.37 mm, 259.08 mm): Symbol #PWR4314 [+5V]
[lib_symbol_mismatch]: Symbol 'GND' doesn't match copy in library 'power'
    ; warning
    @(39.37 mm, 271.78 mm): Symbol #PWR4328 [GND]
[lib_symbol_mismatch]: Symbol '-5V' doesn't match copy in library 'power'
    ; warning
    @(49.53 mm, 259.08 mm): Symbol #PWR4334 [-5V]
[lib_symbol_mismatch]: Symbol 'GND' doesn't match copy in library 'power'
    ; warning
    @(49.53 mm, 271.78 mm): Symbol #PWR4327 [GND]
[isolated_pin_label]: Label connected to only one pin
    ; warning
    @(52.07 mm, 181.864 mm): Global Label 'FXA_R_IN'
[endpoint_off_grid]: Symbol pin or wire end off connection grid
    ; warning
    @(55.88 mm, 181.864 mm): Horizontal Wire, length 3.81 mm
[endpoint_off_grid]: Symbol pin or wire end off connection grid
    ; warning
    @(55.88 mm, 181.864 mm): Symbol R1068 Pin 1 [Passive, Line]
[lib_symbol_mismatch]: Symbol '+5V' doesn't match copy in library 'power'
    ; warning
    @(58.42 mm, 259.08 mm): Symbol #PWR4308 [+5V]
[lib_symbol_mismatch]: Symbol 'GND' doesn't match copy in library 'power'
    ; warning
    @(58.42 mm, 271.78 mm): Symbol #PWR4298 [GND]
[endpoint_off_grid]: Symbol pin or wire end off connection grid
    ; warning
    @(63.50 mm, 181.864 mm): Horizontal Wire, length 3.81 mm
[endpoint_off_grid]: Symbol pin or wire end off connection grid
    ; warning
    @(65.786 mm, 160.782 mm): Symbol R1052 Pin 1 [Passive, Line]
[endpoint_off_grid]: Symbol pin or wire end off connection grid
    ; warning
    @(65.786 mm, 160.782 mm): Vertical Wire, length 2.54 mm
[endpoint_off_grid]: Symbol pin or wire end off connection grid
    ; warning
    @(65.786 mm, 168.402 mm): Vertical Wire, length 2.54 mm
[endpoint_off_grid]: Symbol pin or wire end off connection grid
    ; warning
    @(65.786 mm, 170.942 mm): Symbol #PWR4330 Pin 1 [Power input, Line]
[lib_symbol_mismatch]: Symbol 'GND' doesn't match copy in library 'power'
    ; warning
    @(65.786 mm, 170.942 mm): Symbol #PWR4330 [GND]
[lib_symbol_mismatch]: Symbol '-5V' doesn't match copy in library 'power'
    ; warning
    @(67.31 mm, 259.08 mm): Symbol #PWR4333 [-5V]
[lib_symbol_mismatch]: Symbol 'GND' doesn't match copy in library 'power'
    ; warning
    @(67.31 mm, 271.78 mm): Symbol #PWR4302 [GND]
[lib_symbol_mismatch]: Symbol 'GND' doesn't match copy in library 'power'
    ; warning
    @(73.66 mm, 228.60 mm): Symbol #PWR4301 [GND]
[lib_symbol_mismatch]: Symbol '+5V' doesn't match copy in library 'power'
    ; warning
    @(76.20 mm, 259.08 mm): Symbol #PWR4297 [+5V]
[lib_symbol_mismatch]: Symbol 'GND' doesn't match copy in library 'power'
    ; warning
    @(76.20 mm, 271.78 mm): Symbol #PWR4310 [GND]
[lib_symbol_mismatch]: Symbol '-5V' doesn't match copy in library 'power'
    ; warning
    @(85.09 mm, 259.08 mm): Symbol #PWR4309 [-5V]
[lib_symbol_mismatch]: Symbol 'GND' doesn't match copy in library 'power'
    ; warning
    @(85.09 mm, 271.78 mm): Symbol #PWR4335 [GND]
[lib_symbol_mismatch]: Symbol '+5V' doesn't match copy in library 'power'
    ; warning
    @(93.98 mm, 259.08 mm): Symbol #PWR4323 [+5V]
[lib_symbol_mismatch]: Symbol 'GND' doesn't match copy in library 'power'
    ; warning
    @(93.98 mm, 271.78 mm): Symbol #PWR4331 [GND]
[lib_symbol_mismatch]: Symbol '-5V' doesn't match copy in library 'power'
    ; warning
    @(102.87 mm, 259.08 mm): Symbol #PWR4313 [-5V]
[lib_symbol_mismatch]: Symbol 'GND' doesn't match copy in library 'power'
    ; warning
    @(102.87 mm, 271.78 mm): Symbol #PWR4305 [GND]
[lib_symbol_mismatch]: Symbol 'GND' doesn't match copy in library 'power'
    ; warning
    @(118.11 mm, 228.60 mm): Symbol #PWR4320 [GND]
[lib_symbol_mismatch]: Symbol 'GND' doesn't match copy in library 'power'
    ; warning
    @(129.54 mm, 50.80 mm): Symbol #PWR4325 [GND]
[lib_symbol_mismatch]: Symbol 'GND' doesn't match copy in library 'power'
    ; warning
    @(129.54 mm, 101.60 mm): Symbol #PWR4300 [GND]
[lib_symbol_mismatch]: Symbol '+5V' doesn't match copy in library 'power'
    ; warning
    @(135.89 mm, 25.40 mm): Symbol #PWR4306 [+5V]
[lib_symbol_mismatch]: Symbol '+5V' doesn't match copy in library 'power'
    ; warning
    @(135.89 mm, 76.20 mm): Symbol #PWR4329 [+5V]
[isolated_pin_label]: Label connected to only one pin
    ; warning
    @(154.94 mm, 223.52 mm): Global Label 'FXA_CV1'
[isolated_pin_label]: Label connected to only one pin
    ; warning
    @(176.53 mm, 223.52 mm): Global Label 'FXA_L_IN'
[lib_symbol_mismatch]: Symbol '+5V' doesn't match copy in library 'power'
    ; warning
    @(196.85 mm, 118.11 mm): Symbol #PWR4304 [+5V]
[lib_symbol_mismatch]: Symbol '-5V' doesn't match copy in library 'power'
    ; warning
    @(196.85 mm, 140.97 mm): Symbol #PWR4324 [-5V]
[lib_symbol_mismatch]: Symbol '+5V' doesn't match copy in library 'power'
    ; warning
    @(257.81 mm, 118.11 mm): Symbol #PWR4315 [+5V]
[lib_symbol_mismatch]: Symbol '-5V' doesn't match copy in library 'power'
    ; warning
    @(257.81 mm, 140.97 mm): Symbol #PWR4299 [-5V]
[lib_symbol_mismatch]: Symbol '+5V' doesn't match copy in library 'power'
    ; warning
    @(299.72 mm, 45.72 mm): Symbol #PWR4322 [+5V]
[lib_symbol_mismatch]: Symbol 'GND' doesn't match copy in library 'power'
    ; warning
    @(299.72 mm, 73.66 mm): Symbol #PWR4319 [GND]
[lib_symbol_mismatch]: Symbol 'GND' doesn't match copy in library 'power'
    ; warning
    @(307.34 mm, 168.91 mm): Symbol #PWR4312 [GND]
[isolated_pin_label]: Label connected to only one pin
    ; warning
    @(309.88 mm, 160.02 mm): Global Label 'FXA_D1'
[isolated_pin_label]: Label connected to only one pin
    ; warning
    @(309.88 mm, 162.56 mm): Label 'FX_EN3'
[lib_symbol_mismatch]: Symbol 'GND' doesn't match copy in library 'power'
    ; warning
    @(311.15 mm, 161.29 mm): Symbol #PWR4303 [GND]
[lib_symbol_mismatch]: Symbol 'GND' doesn't match copy in library 'power'
    ; warning
    @(327.66 mm, 176.53 mm): Symbol #PWR4326 [GND]
[lib_symbol_mismatch]: Symbol '+5V' doesn't match copy in library 'power'
    ; warning
    @(330.20 mm, 123.19 mm): Symbol #PWR4332 [+5V]
[lib_symbol_mismatch]: Symbol '-5V' doesn't match copy in library 'power'
    ; warning
    @(336.55 mm, 176.53 mm): Symbol #PWR4318 [-5V]
[isolated_pin_label]: Label connected to only one pin
    ; warning
    @(349.25 mm, 134.62 mm): Global Label 'FXA_L_OUT'
[isolated_pin_label]: Label connected to only one pin
    ; warning
    @(349.25 mm, 142.24 mm): Global Label 'FXA_R_OUT'

***** Sheet /FRONTEND/

***** Sheet /FX_CONTROL/
[no_connect_connected]: A pin with a "no connection" flag is connected
    ; warning
    @(143.256 mm, 93.218 mm): Symbol U20 Pin 7 [VOUTC, Output, Line]
    @(143.256 mm, 93.218 mm): No Connect

***** Sheet /POWER/
[pin_to_pin]: Pins of type Power output and Power output are connected
    ; warning
    @(192.278 mm, 71.12 mm): Symbol U1 Pin 5 [VOUT, Power output, Line]
    @(141.478 mm, 113.03 mm): Symbol U15 Pin 5 [VOUT, Power output, Line]

***** Sheet /ANALOG_FILTER_CV/
[missing_input_pin]: Symbol U5 has input pins in units [ B ] that are not placed
    ; warning
    @(77.47 mm, 107.95 mm): Symbol U5 [OPA1678]
[missing_unit]: Symbol U5 has unplaced units [ B ]
    ; warning
    @(77.47 mm, 107.95 mm): Symbol U5 [OPA1678]
[missing_input_pin]: Symbol U4 has input pins in units [ B, D ] that are not placed
    ; warning
    @(204.47 mm, 195.58 mm): Symbol U4 [LM13700]
[missing_unit]: Symbol U4 has unplaced units [ B, D ]
    ; warning
    @(204.47 mm, 195.58 mm): Symbol U4 [LM13700]
[missing_input_pin]: Symbol U8 has input pins in units [ B, D ] that are not placed
    ; warning
    @(204.47 mm, 260.35 mm): Symbol U8 [LM13700]
[missing_unit]: Symbol U8 has unplaced units [ B, D ]
    ; warning
    @(204.47 mm, 260.35 mm): Symbol U8 [LM13700]

***** Sheet /MASTER_FILTER/
[power_pin_not_driven]: Input Power pin not driven by any Output Power pins
    ; error
    @(124.46 mm, 100.33 mm): Symbol #PWR4092 Pin 1 [Power input, Line]
[power_pin_not_driven]: Input Power pin not driven by any Output Power pins
    ; error
    @(198.12 mm, 182.88 mm): Symbol #PWR4093 Pin 1 [Power input, Line]
[power_pin_not_driven]: Input Power pin not driven by any Output Power pins
    ; error
    @(220.98 mm, 226.06 mm): Symbol #PWR4098 Pin 1 [Power input, Line]
[missing_input_pin]: Symbol U32 has input pins in units [ A, B ] that are not placed
    ; warning
    @(54.61 mm, 111.76 mm): Symbol U32 [LM13700]
[missing_unit]: Symbol U32 has unplaced units [ A, B ]
    ; warning
    @(54.61 mm, 111.76 mm): Symbol U32 [LM13700]
[missing_input_pin]: Symbol U36 has input pins in units [ A, B ] that are not placed
    ; warning
    @(54.61 mm, 242.57 mm): Symbol U36 [LM13700]
[missing_unit]: Symbol U36 has unplaced units [ A, B ]
    ; warning
    @(54.61 mm, 242.57 mm): Symbol U36 [LM13700]

***** Sheet /OUTPUT_BUF/

***** Sheet /FX_CHORUS/
[power_pin_not_driven]: Input Power pin not driven by any Output Power pins
    ; error
    @(58.42 mm, 271.78 mm): Symbol #PWR4298 Pin 1 [Power input, Line]
[power_pin_not_driven]: Input Power pin not driven by any Output Power pins
    ; error
    @(76.20 mm, 259.08 mm): Symbol #PWR4297 Pin 1 [Power input, Line]
[pin_not_driven]: Input pin not driven by any Output pins
    ; error
    @(252.73 mm, 36.83 mm): Symbol U75 Pin 3 [+, Input, Line]
[power_pin_not_driven]: Input Power pin not driven by any Output Power pins
    ; error
    @(257.81 mm, 140.97 mm): Symbol #PWR4299 Pin 1 [Power input, Line]
[pin_not_driven]: Input pin not driven by any Output pins
    ; error
    @(317.50 mm, 160.02 mm): Symbol U76 Pin 11 [A, Input, Line]
[pin_not_driven]: Input pin not driven by any Output pins
    ; error
    @(317.50 mm, 162.56 mm): Symbol U76 Pin 10 [B, Input, Line]
[missing_input_pin]: Symbol U77 has input pins in units [ B ] that are not placed
    ; warning
    @(17.272 mm, 163.576 mm): Symbol U77 [OPA1678]
[missing_unit]: Symbol U77 has unplaced units [ B ]
    ; warning
    @(17.272 mm, 163.576 mm): Symbol U77 [OPA1678]

 ** ERC messages: 534  Errors 9  Warnings 525

 ** Ignored checks:
    - Global label only appears once in the schematic
    - Four connection points are joined together
    - SPICE model issue
    - Assigned footprint doesn't match footprint filters
