/home/akiel/trunk/pub/signalmesh_CAD/sim/g2ems_apm/blender_field.py:50: DeprecationWarning: 'Material.use_nodes' is expected to be removed in Blender 6.0
  bm = bpy.data.materials.new("BoardMat"); bm.use_nodes = True
/home/akiel/trunk/pub/signalmesh_CAD/sim/g2ems_apm/blender_field.py:66: DeprecationWarning: 'Material.use_nodes' is expected to be removed in Blender 6.0
  fm = bpy.data.materials.new("FieldMat"); fm.use_nodes = True
/home/akiel/trunk/pub/signalmesh_CAD/sim/g2ems_apm/blender_field.py:113: DeprecationWarning: 'World.use_nodes' is expected to be removed in Blender 6.0
  world = bpy.data.worlds.new("W"); scene.world = world; world.use_nodes = True
00:02.410  render           | Saved: '/home/akiel/trunk/pub/signalmesh_CAD/sim/g2ems_apm/out/anim/frame_0000.png'
00:04.364  render           | Saved: '/home/akiel/trunk/pub/signalmesh_CAD/sim/g2ems_apm/out/anim/frame_0001.png'
00:06.219  render           | Saved: '/home/akiel/trunk/pub/signalmesh_CAD/sim/g2ems_apm/out/anim/frame_0002.png'
00:08.064  render           | Saved: '/home/akiel/trunk/pub/signalmesh_CAD/sim/g2ems_apm/out/anim/frame_0003.png'
00:09.911  render           | Saved: '/home/akiel/trunk/pub/signalmesh_CAD/sim/g2ems_apm/out/anim/frame_0004.png'
00:11.764  render           | Saved: '/home/akiel/trunk/pub/signalmesh_CAD/sim/g2ems_apm/out/anim/frame_0005.png'
00:13.597  render           | Saved: '/home/akiel/trunk/pub/signalmesh_CAD/sim/g2ems_apm/out/anim/frame_0006.png'
00:15.442  render           | Saved: '/home/akiel/trunk/pub/signalmesh_CAD/sim/g2ems_apm/out/anim/frame_0007.png'
00:17.274  render           | Saved: '/home/akiel/trunk/pub/signalmesh_CAD/sim/g2ems_apm/out/anim/frame_0008.png'
00:19.114  render           | Saved: '/home/akiel/trunk/pub/signalmesh_CAD/sim/g2ems_apm/out/anim/frame_0009.png'
00:20.990  render           | Saved: '/home/akiel/trunk/pub/signalmesh_CAD/sim/g2ems_apm/out/anim/frame_0010.png'
00:22.862  render           | Saved: '/home/akiel/trunk/pub/signalmesh_CAD/sim/g2ems_apm/out/anim/frame_0011.png'
00:24.694  render           | Saved: '/home/akiel/trunk/pub/signalmesh_CAD/sim/g2ems_apm/out/anim/frame_0012.png'
00:26.549  render           | Saved: '/home/akiel/trunk/pub/signalmesh_CAD/sim/g2ems_apm/out/anim/frame_0013.png'
00:28.392  render           | Saved: '/home/akiel/trunk/pub/signalmesh_CAD/sim/g2ems_apm/out/anim/frame_0014.png'
00:30.313  render           | Saved: '/home/akiel/trunk/pub/signalmesh_CAD/sim/g2ems_apm/out/anim/frame_0015.png'
00:32.152  render           | Saved: '/home/akiel/trunk/pub/signalmesh_CAD/sim/g2ems_apm/out/anim/frame_0016.png'
00:34.005  render           | Saved: '/home/akiel/trunk/pub/signalmesh_CAD/sim/g2ems_apm/out/anim/frame_0017.png'
00:35.878  render           | Saved: '/home/akiel/trunk/pub/signalmesh_CAD/sim/g2ems_apm/out/anim/frame_0018.png'
00:37.720  render           | Saved: '/home/akiel/trunk/pub/signalmesh_CAD/sim/g2ems_apm/out/anim/frame_0019.png'
00:39.570  render           | Saved: '/home/akiel/trunk/pub/signalmesh_CAD/sim/g2ems_apm/out/anim/frame_0020.png'
00:41.417  render           | Saved: '/home/akiel/trunk/pub/signalmesh_CAD/sim/g2ems_apm/out/anim/frame_0021.png'
00:43.274  render           | Saved: '/home/akiel/trunk/pub/signalmesh_CAD/sim/g2ems_apm/out/anim/frame_0022.png'
00:45.140  render           | Saved: '/home/akiel/trunk/pub/signalmesh_CAD/sim/g2ems_apm/out/anim/frame_0023.png'
00:46.993  render           | Saved: '/home/akiel/trunk/pub/signalmesh_CAD/sim/g2ems_apm/out/anim/frame_0024.png'
00:48.836  render           | Saved: '/home/akiel/trunk/pub/signalmesh_CAD/sim/g2ems_apm/out/anim/frame_0025.png'
00:50.683  render           | Saved: '/home/akiel/trunk/pub/signalmesh_CAD/sim/g2ems_apm/out/anim/frame_0026.png'
00:52.509  render           | Saved: '/home/akiel/trunk/pub/signalmesh_CAD/sim/g2ems_apm/out/anim/frame_0027.png'
00:54.334  render           | Saved: '/home/akiel/trunk/pub/signalmesh_CAD/sim/g2ems_apm/out/anim/frame_0028.png'
00:56.159  render           | Saved: '/home/akiel/trunk/pub/signalmesh_CAD/sim/g2ems_apm/out/anim/frame_0029.png'
00:57.972  render           | Saved: '/home/akiel/trunk/pub/signalmesh_CAD/sim/g2ems_apm/out/anim/frame_0030.png'
00:59.801  render           | Saved: '/home/akiel/trunk/pub/signalmesh_CAD/sim/g2ems_apm/out/anim/frame_0031.png'
01:01.621  render           | Saved: '/home/akiel/trunk/pub/signalmesh_CAD/sim/g2ems_apm/out/anim/frame_0032.png'
01:03.454  render           | Saved: '/home/akiel/trunk/pub/signalmesh_CAD/sim/g2ems_apm/out/anim/frame_0033.png'
01:05.341  render           | Saved: '/home/akiel/trunk/pub/signalmesh_CAD/sim/g2ems_apm/out/anim/frame_0034.png'
01:07.161  render           | Saved: '/home/akiel/trunk/pub/signalmesh_CAD/sim/g2ems_apm/out/anim/frame_0035.png'
01:09.011  render           | Saved: '/home/akiel/trunk/pub/signalmesh_CAD/sim/g2ems_apm/out/anim/frame_0036.png'
01:10.913  render           | Saved: '/home/akiel/trunk/pub/signalmesh_CAD/sim/g2ems_apm/out/anim/frame_0037.png'
01:12.735  render           | Saved: '/home/akiel/trunk/pub/signalmesh_CAD/sim/g2ems_apm/out/anim/frame_0038.png'
01:14.633  render           | Saved: '/home/akiel/trunk/pub/signalmesh_CAD/sim/g2ems_apm/out/anim/frame_0039.png'
01:16.456  render           | Saved: '/home/akiel/trunk/pub/signalmesh_CAD/sim/g2ems_apm/out/anim/frame_0040.png'
01:18.337  render           | Saved: '/home/akiel/trunk/pub/signalmesh_CAD/sim/g2ems_apm/out/anim/frame_0041.png'
01:20.247  render           | Saved: '/home/akiel/trunk/pub/signalmesh_CAD/sim/g2ems_apm/out/anim/frame_0042.png'
01:22.129  render           | Saved: '/home/akiel/trunk/pub/signalmesh_CAD/sim/g2ems_apm/out/anim/frame_0043.png'
01:24.093  render           | Saved: '/home/akiel/trunk/pub/signalmesh_CAD/sim/g2ems_apm/out/anim/frame_0044.png'
01:25.965  render           | Saved: '/home/akiel/trunk/pub/signalmesh_CAD/sim/g2ems_apm/out/anim/frame_0045.png'
01:27.854  render           | Saved: '/home/akiel/trunk/pub/signalmesh_CAD/sim/g2ems_apm/out/anim/frame_0046.png'
01:29.701  render           | Saved: '/home/akiel/trunk/pub/signalmesh_CAD/sim/g2ems_apm/out/anim/frame_0047.png'
01:31.533  render           | Saved: '/home/akiel/trunk/pub/signalmesh_CAD/sim/g2ems_apm/out/anim/frame_0048.png'
01:33.389  render           | Saved: '/home/akiel/trunk/pub/signalmesh_CAD/sim/g2ems_apm/out/anim/frame_0049.png'
01:35.255  render           | Saved: '/home/akiel/trunk/pub/signalmesh_CAD/sim/g2ems_apm/out/anim/frame_0050.png'
01:37.139  render           | Saved: '/home/akiel/trunk/pub/signalmesh_CAD/sim/g2ems_apm/out/anim/frame_0051.png'
01:38.999  render           | Saved: '/home/akiel/trunk/pub/signalmesh_CAD/sim/g2ems_apm/out/anim/frame_0052.png'
01:40.854  render           | Saved: '/home/akiel/trunk/pub/signalmesh_CAD/sim/g2ems_apm/out/anim/frame_0053.png'
01:42.702  render           | Saved: '/home/akiel/trunk/pub/signalmesh_CAD/sim/g2ems_apm/out/anim/frame_0054.png'
01:44.543  render           | Saved: '/home/akiel/trunk/pub/signalmesh_CAD/sim/g2ems_apm/out/anim/frame_0055.png'
01:46.369  render           | Saved: '/home/akiel/trunk/pub/signalmesh_CAD/sim/g2ems_apm/out/anim/frame_0056.png'
01:48.183  render           | Saved: '/home/akiel/trunk/pub/signalmesh_CAD/sim/g2ems_apm/out/anim/frame_0057.png'
01:49.997  render           | Saved: '/home/akiel/trunk/pub/signalmesh_CAD/sim/g2ems_apm/out/anim/frame_0058.png'
01:51.844  render           | Saved: '/home/akiel/trunk/pub/signalmesh_CAD/sim/g2ems_apm/out/anim/frame_0059.png'
01:53.661  render           | Saved: '/home/akiel/trunk/pub/signalmesh_CAD/sim/g2ems_apm/out/anim/frame_0060.png'
01:55.527  render           | Saved: '/home/akiel/trunk/pub/signalmesh_CAD/sim/g2ems_apm/out/anim/frame_0061.png'
01:57.380  render           | Saved: '/home/akiel/trunk/pub/signalmesh_CAD/sim/g2ems_apm/out/anim/frame_0062.png'
01:59.243  render           | Saved: '/home/akiel/trunk/pub/signalmesh_CAD/sim/g2ems_apm/out/anim/frame_0063.png'
02:01.109  render           | Saved: '/home/akiel/trunk/pub/signalmesh_CAD/sim/g2ems_apm/out/anim/frame_0064.png'
02:02.992  render           | Saved: '/home/akiel/trunk/pub/signalmesh_CAD/sim/g2ems_apm/out/anim/frame_0065.png'
02:04.878  render           | Saved: '/home/akiel/trunk/pub/signalmesh_CAD/sim/g2ems_apm/out/anim/frame_0066.png'
02:06.771  render           | Saved: '/home/akiel/trunk/pub/signalmesh_CAD/sim/g2ems_apm/out/anim/frame_0067.png'
02:08.763  render           | Saved: '/home/akiel/trunk/pub/signalmesh_CAD/sim/g2ems_apm/out/anim/frame_0068.png'
02:10.739  render           | Saved: '/home/akiel/trunk/pub/signalmesh_CAD/sim/g2ems_apm/out/anim/frame_0069.png'
02:12.673  render           | Saved: '/home/akiel/trunk/pub/signalmesh_CAD/sim/g2ems_apm/out/anim/frame_0070.png'
02:14.587  render           | Saved: '/home/akiel/trunk/pub/signalmesh_CAD/sim/g2ems_apm/out/anim/frame_0071.png'
02:16.475  render           | Saved: '/home/akiel/trunk/pub/signalmesh_CAD/sim/g2ems_apm/out/anim/frame_0072.png'
02:18.400  render           | Saved: '/home/akiel/trunk/pub/signalmesh_CAD/sim/g2ems_apm/out/anim/frame_0073.png'
02:20.312  render           | Saved: '/home/akiel/trunk/pub/signalmesh_CAD/sim/g2ems_apm/out/anim/frame_0074.png'
02:22.248  render           | Saved: '/home/akiel/trunk/pub/signalmesh_CAD/sim/g2ems_apm/out/anim/frame_0075.png'
02:24.177  render           | Saved: '/home/akiel/trunk/pub/signalmesh_CAD/sim/g2ems_apm/out/anim/frame_0076.png'
02:26.113  render           | Saved: '/home/akiel/trunk/pub/signalmesh_CAD/sim/g2ems_apm/out/anim/frame_0077.png'
02:28.062  render           | Saved: '/home/akiel/trunk/pub/signalmesh_CAD/sim/g2ems_apm/out/anim/frame_0078.png'
02:30.049  render           | Saved: '/home/akiel/trunk/pub/signalmesh_CAD/sim/g2ems_apm/out/anim/frame_0079.png'
02:32.030  render           | Saved: '/home/akiel/trunk/pub/signalmesh_CAD/sim/g2ems_apm/out/anim/frame_0080.png'
02:34.035  render           | Saved: '/home/akiel/trunk/pub/signalmesh_CAD/sim/g2ems_apm/out/anim/frame_0081.png'
02:35.999  render           | Saved: '/home/akiel/trunk/pub/signalmesh_CAD/sim/g2ems_apm/out/anim/frame_0082.png'
02:38.007  render           | Saved: '/home/akiel/trunk/pub/signalmesh_CAD/sim/g2ems_apm/out/anim/frame_0083.png'
02:39.956  render           | Saved: '/home/akiel/trunk/pub/signalmesh_CAD/sim/g2ems_apm/out/anim/frame_0084.png'
02:41.880  render           | Saved: '/home/akiel/trunk/pub/signalmesh_CAD/sim/g2ems_apm/out/anim/frame_0085.png'
02:43.793  render           | Saved: '/home/akiel/trunk/pub/signalmesh_CAD/sim/g2ems_apm/out/anim/frame_0086.png'
02:45.714  render           | Saved: '/home/akiel/trunk/pub/signalmesh_CAD/sim/g2ems_apm/out/anim/frame_0087.png'
02:47.593  render           | Saved: '/home/akiel/trunk/pub/signalmesh_CAD/sim/g2ems_apm/out/anim/frame_0088.png'
02:49.486  render           | Saved: '/home/akiel/trunk/pub/signalmesh_CAD/sim/g2ems_apm/out/anim/frame_0089.png'
02:51.406  render           | Saved: '/home/akiel/trunk/pub/signalmesh_CAD/sim/g2ems_apm/out/anim/frame_0090.png'
02:53.338  render           | Saved: '/home/akiel/trunk/pub/signalmesh_CAD/sim/g2ems_apm/out/anim/frame_0091.png'
02:55.287  render           | Saved: '/home/akiel/trunk/pub/signalmesh_CAD/sim/g2ems_apm/out/anim/frame_0092.png'
02:57.258  render           | Saved: '/home/akiel/trunk/pub/signalmesh_CAD/sim/g2ems_apm/out/anim/frame_0093.png'
02:59.234  render           | Saved: '/home/akiel/trunk/pub/signalmesh_CAD/sim/g2ems_apm/out/anim/frame_0094.png'
03:01.205  render           | Saved: '/home/akiel/trunk/pub/signalmesh_CAD/sim/g2ems_apm/out/anim/frame_0095.png'
03:03.184  render           | Saved: '/home/akiel/trunk/pub/signalmesh_CAD/sim/g2ems_apm/out/anim/frame_0096.png'
03:05.182  render           | Saved: '/home/akiel/trunk/pub/signalmesh_CAD/sim/g2ems_apm/out/anim/frame_0097.png'
03:07.183  render           | Saved: '/home/akiel/trunk/pub/signalmesh_CAD/sim/g2ems_apm/out/anim/frame_0098.png'
03:09.180  render           | Saved: '/home/akiel/trunk/pub/signalmesh_CAD/sim/g2ems_apm/out/anim/frame_0099.png'
03:11.123  render           | Saved: '/home/akiel/trunk/pub/signalmesh_CAD/sim/g2ems_apm/out/anim/frame_0100.png'
03:13.032  render           | Saved: '/home/akiel/trunk/pub/signalmesh_CAD/sim/g2ems_apm/out/anim/frame_0101.png'
03:14.897  render           | Saved: '/home/akiel/trunk/pub/signalmesh_CAD/sim/g2ems_apm/out/anim/frame_0102.png'
03:16.793  render           | Saved: '/home/akiel/trunk/pub/signalmesh_CAD/sim/g2ems_apm/out/anim/frame_0103.png'
03:18.726  render           | Saved: '/home/akiel/trunk/pub/signalmesh_CAD/sim/g2ems_apm/out/anim/frame_0104.png'
glare skipped: 'CompositorNodeGlare' object has no attribute 'glare_type'
wrote 105 animation frames to /home/akiel/trunk/pub/signalmesh_CAD/sim/g2ems_apm/out/anim/frame_
Blender 5.1.2 (hash ec6e62d40fa9 built 2026-05-19 02:18:37)

Blender quit
