ERC report (2026-07-19T19:53:46, Encoding UTF8)
Report includes: Errors, Warnings

***** Sheet /
[endpoint_off_grid]: Symbol pin or wire end off connection grid
    ; warning
    @(29.21 mm, 88.90 mm): Horizontal Wire, length 10.00 mm
[endpoint_off_grid]: Symbol pin or wire end off connection grid
    ; warning
    @(19.21 mm, 88.90 mm): Symbol #PWR061 Pin 1 [Power input, Line]
[lib_symbol_mismatch]: Symbol '+5V' doesn't match copy in library 'power'
    ; warning
    @(19.21 mm, 88.90 mm): Symbol #PWR061 [+5V]
[endpoint_off_grid]: Symbol pin or wire end off connection grid
    ; warning
    @(23.21 mm, 86.36 mm): Symbol #PWR060 Pin 1 [Power input, Line]
[endpoint_off_grid]: Symbol pin or wire end off connection grid
    ; warning
    @(29.21 mm, 86.36 mm): Horizontal Wire, length 6.00 mm
[lib_symbol_mismatch]: Symbol '+5V' doesn't match copy in library 'power'
    ; warning
    @(23.21 mm, 86.36 mm): Symbol #PWR060 [+5V]
[lib_symbol_mismatch]: Symbol 'GND' doesn't match copy in library 'power'
    ; warning
    @(24.13 mm, 128.27 mm): Symbol #PWR013 [GND]
[lib_symbol_mismatch]: Symbol 'GND' doesn't match copy in library 'power'
    ; warning
    @(24.13 mm, 167.64 mm): Symbol #PWR016 [GND]
[lib_symbol_mismatch]: Symbol '+5V' doesn't match copy in library 'power'
    ; warning
    @(25.40 mm, 185.42 mm): Symbol #PWR023 [+5V]
[lib_symbol_mismatch]: Symbol 'GND' doesn't match copy in library 'power'
    ; warning
    @(25.40 mm, 198.12 mm): Symbol #PWR024 [GND]
[lib_symbol_mismatch]: Symbol '-5V' doesn't match copy in library 'power'
    ; warning
    @(36.83 mm, 185.42 mm): Symbol #PWR025 [-5V]
[lib_symbol_mismatch]: Symbol 'GND' doesn't match copy in library 'power'
    ; warning
    @(36.83 mm, 198.12 mm): Symbol #PWR026 [GND]
[endpoint_off_grid]: Symbol pin or wire end off connection grid
    ; warning
    @(39.37 mm, 110.68 mm): Symbol #PWR062 Pin 1 [Power input, Line]
[endpoint_off_grid]: Symbol pin or wire end off connection grid
    ; warning
    @(39.37 mm, 106.68 mm): Vertical Wire, length 4.00 mm
[lib_symbol_mismatch]: Symbol 'GND' doesn't match copy in library 'power'
    ; warning
    @(39.37 mm, 110.68 mm): Symbol #PWR062 [GND]
[lib_symbol_mismatch]: Symbol 'GND' doesn't match copy in library 'power'
    ; warning
    @(55.88 mm, 43.18 mm): Symbol #PWR002 [GND]
[lib_symbol_mismatch]: Symbol '+5V' doesn't match copy in library 'power'
    ; warning
    @(55.88 mm, 50.80 mm): Symbol #PWR001 [+5V]
[lib_symbol_mismatch]: Symbol '+5V' doesn't match copy in library 'power'
    ; warning
    @(55.88 mm, 185.42 mm): Symbol #PWR027 [+5V]
[lib_symbol_mismatch]: Symbol 'GND' doesn't match copy in library 'power'
    ; warning
    @(55.88 mm, 198.12 mm): Symbol #PWR028 [GND]
[lib_symbol_mismatch]: Symbol '-5V' doesn't match copy in library 'power'
    ; warning
    @(63.50 mm, 86.36 mm): Symbol #PWR063 [-5V]
[endpoint_off_grid]: Symbol pin or wire end off connection grid
    ; warning
    @(63.50 mm, 95.44 mm): Symbol #PWR064 Pin 1 [Power input, Line]
[endpoint_off_grid]: Symbol pin or wire end off connection grid
    ; warning
    @(63.50 mm, 91.44 mm): Vertical Wire, length 4.00 mm
[lib_symbol_mismatch]: Symbol 'GND' doesn't match copy in library 'power'
    ; warning
    @(63.50 mm, 95.44 mm): Symbol #PWR064 [GND]
[lib_symbol_mismatch]: Symbol '-5V' doesn't match copy in library 'power'
    ; warning
    @(66.04 mm, 185.42 mm): Symbol #PWR029 [-5V]
[lib_symbol_mismatch]: Symbol 'GND' doesn't match copy in library 'power'
    ; warning
    @(66.04 mm, 198.12 mm): Symbol #PWR030 [GND]
[endpoint_off_grid]: Symbol pin or wire end off connection grid
    ; warning
    @(69.85 mm, 113.03 mm): Vertical Wire, length 2.00 mm
[endpoint_off_grid]: Symbol pin or wire end off connection grid
    ; warning
    @(69.85 mm, 111.03 mm): Symbol #PWR3033 Pin 1 [Power input, Line]
[lib_symbol_mismatch]: Symbol '-5V' doesn't match copy in library 'power'
    ; warning
    @(69.85 mm, 111.03 mm): Symbol #PWR3033 [-5V]
[lib_symbol_mismatch]: Symbol 'GND' doesn't match copy in library 'power'
    ; warning
    @(69.85 mm, 121.92 mm): Symbol #PWR014 [GND]
[endpoint_off_grid]: Symbol pin or wire end off connection grid
    ; warning
    @(69.85 mm, 152.40 mm): Vertical Wire, length 2.00 mm
[endpoint_off_grid]: Symbol pin or wire end off connection grid
    ; warning
    @(69.85 mm, 150.40 mm): Symbol #PWR3034 Pin 1 [Power input, Line]
[lib_symbol_mismatch]: Symbol '-5V' doesn't match copy in library 'power'
    ; warning
    @(69.85 mm, 150.40 mm): Symbol #PWR3034 [-5V]
[lib_symbol_mismatch]: Symbol 'GND' doesn't match copy in library 'power'
    ; warning
    @(69.85 mm, 161.29 mm): Symbol #PWR017 [GND]
[lib_symbol_mismatch]: Symbol '+5V' doesn't match copy in library 'power'
    ; warning
    @(73.66 mm, 44.45 mm): Symbol #PWR005 [+5V]
[lib_symbol_mismatch]: Symbol '+5V' doesn't match copy in library 'power'
    ; warning
    @(73.66 mm, 46.99 mm): Symbol #PWR050 [+5V]
[lib_symbol_mismatch]: Symbol 'GND' doesn't match copy in library 'power'
    ; warning
    @(90.17 mm, 66.04 mm): Symbol #PWR006 [GND]
[lib_symbol_mismatch]: Symbol '+5V' doesn't match copy in library 'power'
    ; warning
    @(97.79 mm, 96.52 mm): Symbol #PWR019 [+5V]
[lib_symbol_mismatch]: Symbol '-5V' doesn't match copy in library 'power'
    ; warning
    @(97.79 mm, 114.30 mm): Symbol #PWR020 [-5V]
[pin_to_pin]: Pins of type Power output and Power output are connected
    ; warning
    @(100.33 mm, 44.45 mm): Symbol U1 Pin 5 [VOUT, Power output, Line]
    @(49.53 mm, 86.36 mm): Symbol U15 Pin 5 [VOUT, Power output, Line]
[lib_symbol_mismatch]: Symbol 'GND' doesn't match copy in library 'power'
    ; warning
    @(106.68 mm, 143.51 mm): Symbol #PWR015 [GND]
[lib_symbol_mismatch]: Symbol 'GND' doesn't match copy in library 'power'
    ; warning
    @(106.68 mm, 182.88 mm): Symbol #PWR018 [GND]
[endpoint_off_grid]: Symbol pin or wire end off connection grid
    ; warning
    @(115.57 mm, 220.00 mm): Horizontal Wire, length 7.57 mm
[endpoint_off_grid]: Symbol pin or wire end off connection grid
    ; warning
    @(115.57 mm, 224.00 mm): Horizontal Wire, length 7.57 mm
[endpoint_off_grid]: Symbol pin or wire end off connection grid
    ; warning
    @(115.57 mm, 228.00 mm): Horizontal Wire, length 7.57 mm
[endpoint_off_grid]: Symbol pin or wire end off connection grid
    ; warning
    @(115.57 mm, 232.00 mm): Horizontal Wire, length 7.57 mm
[endpoint_off_grid]: Symbol pin or wire end off connection grid
    ; warning
    @(115.57 mm, 236.00 mm): Horizontal Wire, length 7.57 mm
[lib_symbol_mismatch]: Symbol '-5V' doesn't match copy in library 'power'
    ; warning
    @(128.27 mm, 40.64 mm): Symbol #PWR007 [-5V]
[lib_symbol_mismatch]: Symbol 'GND' doesn't match copy in library 'power'
    ; warning
    @(128.27 mm, 53.34 mm): Symbol #PWR008 [GND]
[lib_symbol_mismatch]: Symbol 'GND' doesn't match copy in library 'power'
    ; warning
    @(137.16 mm, 87.63 mm): Symbol #PWR3031 [GND]
[lib_symbol_mismatch]: Symbol 'GND' doesn't match copy in library 'power'
    ; warning
    @(137.16 mm, 90.17 mm): Symbol #PWR3032 [GND]
[lib_symbol_mismatch]: Symbol '+5V' doesn't match copy in library 'power'
    ; warning
    @(137.16 mm, 96.52 mm): Symbol #PWR021 [+5V]
[lib_symbol_mismatch]: Symbol '-5V' doesn't match copy in library 'power'
    ; warning
    @(137.16 mm, 115.57 mm): Symbol #PWR022 [-5V]
[lib_symbol_mismatch]: Symbol '+5V' doesn't match copy in library 'power'
    ; warning
    @(144.78 mm, 43.18 mm): Symbol #PWR010 [+5V]
[no_connect_connected]: A pin with a "no connection" flag is connected
    ; warning
    @(144.78 mm, 85.09 mm): Symbol J7 Pin 7 [Pin_7, Passive, Line]
    @(144.78 mm, 85.09 mm): No Connect
[no_connect_connected]: A pin with a "no connection" flag is connected
    ; warning
    @(144.78 mm, 92.71 mm): Symbol J7 Pin 10 [Pin_10, Passive, Line]
    @(144.78 mm, 92.71 mm): No Connect
[lib_symbol_mismatch]: Symbol 'GND' doesn't match copy in library 'power'
    ; warning
    @(157.48 mm, 52.07 mm): Symbol #PWR012 [GND]
[isolated_pin_label]: Label connected to only one pin
    ; warning
    @(173.99 mm, 243.84 mm): Label 'MF_ORDER_SEL'
[isolated_pin_label]: Label connected to only one pin
    ; warning
    @(173.99 mm, 276.86 mm): Label 'GATE'
[endpoint_off_grid]: Symbol pin or wire end off connection grid
    ; warning
    @(182.00 mm, 20.32 mm): Symbol #PWR3041 Pin 1 [Power input, Line]
[endpoint_off_grid]: Symbol pin or wire end off connection grid
    ; warning
    @(182.00 mm, 20.32 mm): Vertical Wire, length 3.81 mm
[lib_symbol_mismatch]: Symbol '+5V' doesn't match copy in library 'power'
    ; warning
    @(182.00 mm, 20.32 mm): Symbol #PWR3041 [+5V]
[endpoint_off_grid]: Symbol pin or wire end off connection grid
    ; warning
    @(182.00 mm, 24.13 mm): Symbol R11 Pin 1 [Passive, Line]
[endpoint_off_grid]: Symbol pin or wire end off connection grid
    ; warning
    @(182.00 mm, 31.75 mm): Vertical Wire, length 1.27 mm
[endpoint_off_grid]: Symbol pin or wire end off connection grid
    ; warning
    @(182.00 mm, 40.64 mm): Vertical Wire, length 3.81 mm
[endpoint_off_grid]: Symbol pin or wire end off connection grid
    ; warning
    @(182.00 mm, 40.64 mm): Symbol D1 Pin 1 [K, Passive, Line]
[endpoint_off_grid]: Symbol pin or wire end off connection grid
    ; warning
    @(182.00 mm, 44.45 mm): Symbol #PWR3043 Pin 1 [Power input, Line]
[lib_symbol_mismatch]: Symbol 'GND' doesn't match copy in library 'power'
    ; warning
    @(182.00 mm, 44.45 mm): Symbol #PWR3043 [GND]
[endpoint_off_grid]: Symbol pin or wire end off connection grid
    ; warning
    @(185.42 mm, 103.00 mm): Horizontal Wire, length 7.42 mm
[endpoint_off_grid]: Symbol pin or wire end off connection grid
    ; warning
    @(185.42 mm, 107.00 mm): Horizontal Wire, length 7.42 mm
[endpoint_off_grid]: Symbol pin or wire end off connection grid
    ; warning
    @(185.42 mm, 111.00 mm): Horizontal Wire, length 7.42 mm
[endpoint_off_grid]: Symbol pin or wire end off connection grid
    ; warning
    @(185.42 mm, 115.00 mm): Horizontal Wire, length 7.42 mm
[endpoint_off_grid]: Symbol pin or wire end off connection grid
    ; warning
    @(191.00 mm, 20.32 mm): Symbol #PWR3042 Pin 1 [Power input, Line]
[endpoint_off_grid]: Symbol pin or wire end off connection grid
    ; warning
    @(191.00 mm, 20.32 mm): Vertical Wire, length 3.81 mm
[lib_symbol_mismatch]: Symbol 'GND' doesn't match copy in library 'power'
    ; warning
    @(191.00 mm, 20.32 mm): Symbol #PWR3042 [GND]
[endpoint_off_grid]: Symbol pin or wire end off connection grid
    ; warning
    @(191.00 mm, 24.13 mm): Symbol R12 Pin 1 [Passive, Line]
[endpoint_off_grid]: Symbol pin or wire end off connection grid
    ; warning
    @(191.00 mm, 31.75 mm): Vertical Wire, length 1.27 mm
[endpoint_off_grid]: Symbol pin or wire end off connection grid
    ; warning
    @(191.00 mm, 40.64 mm): Vertical Wire, length 3.81 mm
[endpoint_off_grid]: Symbol pin or wire end off connection grid
    ; warning
    @(191.00 mm, 40.64 mm): Symbol D2 Pin 1 [K, Passive, Line]
[endpoint_off_grid]: Symbol pin or wire end off connection grid
    ; warning
    @(191.00 mm, 44.45 mm): Symbol #PWR3030 Pin 1 [Power input, Line]
[lib_symbol_mismatch]: Symbol '-5V' doesn't match copy in library 'power'
    ; warning
    @(191.00 mm, 44.45 mm): Symbol #PWR3030 [-5V]
[endpoint_off_grid]: Symbol pin or wire end off connection grid
    ; warning
    @(200.00 mm, 20.32 mm): Symbol #PWR3040 Pin 1 [Power input, Line]
[endpoint_off_grid]: Symbol pin or wire end off connection grid
    ; warning
    @(200.00 mm, 20.32 mm): Vertical Wire, length 3.81 mm
[lib_symbol_mismatch]: Symbol '+3V3' doesn't match copy in library 'power'
    ; warning
    @(200.00 mm, 20.32 mm): Symbol #PWR3040 [+3V3]
[endpoint_off_grid]: Symbol pin or wire end off connection grid
    ; warning
    @(200.00 mm, 24.13 mm): Symbol R13 Pin 1 [Passive, Line]
[endpoint_off_grid]: Symbol pin or wire end off connection grid
    ; warning
    @(200.00 mm, 31.75 mm): Vertical Wire, length 1.27 mm
[endpoint_off_grid]: Symbol pin or wire end off connection grid
    ; warning
    @(200.00 mm, 40.64 mm): Vertical Wire, length 3.81 mm
[endpoint_off_grid]: Symbol pin or wire end off connection grid
    ; warning
    @(200.00 mm, 40.64 mm): Symbol D3 Pin 1 [K, Passive, Line]
[endpoint_off_grid]: Symbol pin or wire end off connection grid
    ; warning
    @(200.00 mm, 44.45 mm): Symbol #PWR3044 Pin 1 [Power input, Line]
[lib_symbol_mismatch]: Symbol 'GND' doesn't match copy in library 'power'
    ; warning
    @(200.00 mm, 44.45 mm): Symbol #PWR3044 [GND]
[unconnected_wire_endpoint]: Unconnected wire endpoint
    ; warning
    @(240.03 mm, 111.76 mm): Horizontal Wire, length 7.62 mm
[unconnected_wire_endpoint]: Unconnected wire endpoint
    ; warning
    @(240.03 mm, 120.65 mm): Horizontal Wire, length 7.62 mm
[unconnected_wire_endpoint]: Unconnected wire endpoint
    ; warning
    @(240.03 mm, 128.27 mm): Horizontal Wire, length 7.62 mm
[unconnected_wire_endpoint]: Unconnected wire endpoint
    ; warning
    @(240.03 mm, 135.89 mm): Horizontal Wire, length 7.62 mm
[endpoint_off_grid]: Symbol pin or wire end off connection grid
    ; warning
    @(240.42 mm, 143.51 mm): Horizontal Wire, length 7.23 mm
[endpoint_off_grid]: Symbol pin or wire end off connection grid
    ; warning
    @(295.00 mm, 63.00 mm): Horizontal Wire, length 7.00 mm
[endpoint_off_grid]: Symbol pin or wire end off connection grid
    ; warning
    @(295.00 mm, 68.00 mm): Horizontal Wire, length 7.00 mm
[endpoint_off_grid]: Symbol pin or wire end off connection grid
    ; warning
    @(295.00 mm, 73.00 mm): Horizontal Wire, length 7.00 mm
[endpoint_off_grid]: Symbol pin or wire end off connection grid
    ; warning
    @(295.00 mm, 78.00 mm): Horizontal Wire, length 7.00 mm
[endpoint_off_grid]: Symbol pin or wire end off connection grid
    ; warning
    @(295.00 mm, 85.00 mm): Horizontal Wire, length 7.00 mm
[endpoint_off_grid]: Symbol pin or wire end off connection grid
    ; warning
    @(295.00 mm, 90.00 mm): Horizontal Wire, length 7.00 mm
[endpoint_off_grid]: Symbol pin or wire end off connection grid
    ; warning
    @(295.00 mm, 118.00 mm): Horizontal Wire, length 7.00 mm
[endpoint_off_grid]: Symbol pin or wire end off connection grid
    ; warning
    @(295.00 mm, 123.00 mm): Horizontal Wire, length 7.00 mm
[endpoint_off_grid]: Symbol pin or wire end off connection grid
    ; warning
    @(295.00 mm, 128.00 mm): Horizontal Wire, length 7.00 mm
[endpoint_off_grid]: Symbol pin or wire end off connection grid
    ; warning
    @(295.00 mm, 133.00 mm): Horizontal Wire, length 7.00 mm
[endpoint_off_grid]: Symbol pin or wire end off connection grid
    ; warning
    @(295.00 mm, 140.00 mm): Horizontal Wire, length 7.00 mm
[endpoint_off_grid]: Symbol pin or wire end off connection grid
    ; warning
    @(295.00 mm, 145.00 mm): Horizontal Wire, length 7.00 mm
[endpoint_off_grid]: Symbol pin or wire end off connection grid
    ; warning
    @(302.30 mm, 49.84 mm): Symbol #PWR3035 Pin 1 [Power input, Line]
[lib_symbol_mismatch]: Symbol 'GND' doesn't match copy in library 'power'
    ; warning
    @(302.30 mm, 49.84 mm): Symbol #PWR3035 [GND]
[endpoint_off_grid]: Symbol pin or wire end off connection grid
    ; warning
    @(302.30 mm, 60.00 mm): Symbol #PWR3036 Pin 1 [Power input, Line]
[lib_symbol_mismatch]: Symbol 'GND' doesn't match copy in library 'power'
    ; warning
    @(302.30 mm, 60.00 mm): Symbol #PWR3036 [GND]
[endpoint_off_grid]: Symbol pin or wire end off connection grid
    ; warning
    @(302.30 mm, 67.62 mm): Symbol #PWR3037 Pin 1 [Power input, Line]
[lib_symbol_mismatch]: Symbol '+3V3' doesn't match copy in library 'power'
    ; warning
    @(302.30 mm, 67.62 mm): Symbol #PWR3037 [+3V3]
[endpoint_off_grid]: Symbol pin or wire end off connection grid
    ; warning
    @(302.30 mm, 70.16 mm): Symbol #PWR3038 Pin 1 [Power input, Line]
[lib_symbol_mismatch]: Symbol '+5V' doesn't match copy in library 'power'
    ; warning
    @(302.30 mm, 70.16 mm): Symbol #PWR3038 [+5V]
[endpoint_off_grid]: Symbol pin or wire end off connection grid
    ; warning
    @(302.30 mm, 72.70 mm): Symbol #PWR3039 Pin 1 [Power input, Line]
[lib_symbol_mismatch]: Symbol 'GND' doesn't match copy in library 'power'
    ; warning
    @(302.30 mm, 72.70 mm): Symbol #PWR3039 [GND]
[endpoint_off_grid]: Symbol pin or wire end off connection grid
    ; warning
    @(309.92 mm, 49.84 mm): Horizontal Wire, length 7.62 mm
[endpoint_off_grid]: Symbol pin or wire end off connection grid
    ; warning
    @(309.92 mm, 49.84 mm): Symbol J8 Pin 1 [Pin_1, Passive, Line]
[endpoint_off_grid]: Symbol pin or wire end off connection grid
    ; warning
    @(309.92 mm, 52.38 mm): Horizontal Wire, length 7.62 mm
[endpoint_off_grid]: Symbol pin or wire end off connection grid
    ; warning
    @(309.92 mm, 54.92 mm): Horizontal Wire, length 7.62 mm
[endpoint_off_grid]: Symbol pin or wire end off connection grid
    ; warning
    @(309.92 mm, 57.46 mm): Horizontal Wire, length 7.62 mm
[endpoint_off_grid]: Symbol pin or wire end off connection grid
    ; warning
    @(309.92 mm, 60.00 mm): Horizontal Wire, length 7.62 mm
[endpoint_off_grid]: Symbol pin or wire end off connection grid
    ; warning
    @(309.92 mm, 62.54 mm): Horizontal Wire, length 7.62 mm
[endpoint_off_grid]: Symbol pin or wire end off connection grid
    ; warning
    @(309.92 mm, 65.08 mm): Horizontal Wire, length 7.62 mm
[endpoint_off_grid]: Symbol pin or wire end off connection grid
    ; warning
    @(309.92 mm, 67.62 mm): Horizontal Wire, length 7.62 mm
[endpoint_off_grid]: Symbol pin or wire end off connection grid
    ; warning
    @(309.92 mm, 70.16 mm): Horizontal Wire, length 7.62 mm
[endpoint_off_grid]: Symbol pin or wire end off connection grid
    ; warning
    @(309.92 mm, 72.70 mm): Horizontal Wire, length 7.62 mm
[unconnected_wire_endpoint]: Unconnected wire endpoint
    ; warning
    @(320.04 mm, 227.33 mm): Vertical Wire, length 8.89 mm
[lib_symbol_mismatch]: Symbol 'GND' doesn't match copy in library 'power'
    ; warning
    @(323.85 mm, 105.41 mm): Symbol #PWR031 [GND]
[lib_symbol_mismatch]: Symbol 'GND' doesn't match copy in library 'power'
    ; warning
    @(323.85 mm, 144.78 mm): Symbol #PWR032 [GND]
[lib_symbol_issues]: The symbol library 'ACJS-MHOM' was not found at '/home/akiel/trunk/pub/my_footprints/ACJS-MHOM/KiCad/ACJS-MHOM.kicad_sym'
    ; warning
    @(355.60 mm, 110.49 mm): Symbol J4 [ACJS-MHOM]
[lib_symbol_issues]: The symbol library 'ACJS-MHOM' was not found at '/home/akiel/trunk/pub/my_footprints/ACJS-MHOM/KiCad/ACJS-MHOM.kicad_sym'
    ; warning
    @(355.60 mm, 149.86 mm): Symbol J5 [ACJS-MHOM]
[lib_symbol_mismatch]: Symbol 'GND' doesn't match copy in library 'power'
    ; warning
    @(359.41 mm, 193.04 mm): Symbol #PWR033 [GND]
[lib_symbol_mismatch]: Symbol 'AP2112K-3.3' doesn't match copy in library 'Regulator_Linear'
    ; warning
    @(39.37 mm, 199.39 mm): Symbol U22 [AP2112K-3.3]
[lib_symbol_mismatch]: Symbol 'DAC8565' doesn't match copy in library 'Analog_DAC'
    ; warning
    @(119.38 mm, 69.85 mm): Symbol U20 [DAC8565]
[lib_symbol_issues]: The current configuration does not include the symbol library 'Custom'
    ; warning
    @(129.54 mm, 180.34 mm): Symbol U21 [MCP23S17]
[isolated_pin_label]: Label connected to only one pin
    ; warning
    @(157.48 mm, 173.99 mm): Hierarchical Label 'ORDER_SEL'
[isolated_pin_label]: Label connected to only one pin
    ; warning
    @(157.48 mm, 176.53 mm): Hierarchical Label 'GATE'
[lib_symbol_mismatch]: Symbol '+5V' doesn't match copy in library 'power'
    ; warning
    @(39.37 mm, 261.62 mm): Symbol #PWR232 [+5V]
[lib_symbol_mismatch]: Symbol 'GND' doesn't match copy in library 'power'
    ; warning
    @(39.37 mm, 274.32 mm): Symbol #PWR233 [GND]
[isolated_pin_label]: Label connected to only one pin
    ; warning
    @(41.91 mm, 139.70 mm): Label 'CV_MOD'
[lib_symbol_mismatch]: Symbol '-5V' doesn't match copy in library 'power'
    ; warning
    @(49.53 mm, 261.62 mm): Symbol #PWR234 [-5V]
[lib_symbol_mismatch]: Symbol 'GND' doesn't match copy in library 'power'
    ; warning
    @(49.53 mm, 274.32 mm): Symbol #PWR235 [GND]
[lib_symbol_mismatch]: Symbol '+5V' doesn't match copy in library 'power'
    ; warning
    @(58.42 mm, 261.62 mm): Symbol #PWR236 [+5V]
[lib_symbol_mismatch]: Symbol 'GND' doesn't match copy in library 'power'
    ; warning
    @(58.42 mm, 274.32 mm): Symbol #PWR237 [GND]
[lib_symbol_mismatch]: Symbol 'GND' doesn't match copy in library 'power'
    ; warning
    @(67.31 mm, 129.54 mm): Symbol #PWR210 [GND]
[lib_symbol_mismatch]: Symbol '-5V' doesn't match copy in library 'power'
    ; warning
    @(67.31 mm, 261.62 mm): Symbol #PWR238 [-5V]
[lib_symbol_mismatch]: Symbol 'GND' doesn't match copy in library 'power'
    ; warning
    @(67.31 mm, 274.32 mm): Symbol #PWR239 [GND]
[lib_symbol_mismatch]: Symbol '+5V' doesn't match copy in library 'power'
    ; warning
    @(74.93 mm, 96.52 mm): Symbol #PWR225 [+5V]
[lib_symbol_mismatch]: Symbol '-5V' doesn't match copy in library 'power'
    ; warning
    @(74.93 mm, 119.38 mm): Symbol #PWR226 [-5V]
[lib_symbol_mismatch]: Symbol '+5V' doesn't match copy in library 'power'
    ; warning
    @(76.20 mm, 261.62 mm): Symbol #PWR240 [+5V]
[lib_symbol_mismatch]: Symbol 'GND' doesn't match copy in library 'power'
    ; warning
    @(76.20 mm, 274.32 mm): Symbol #PWR241 [GND]
[lib_symbol_mismatch]: Symbol '-5V' doesn't match copy in library 'power'
    ; warning
    @(85.09 mm, 261.62 mm): Symbol #PWR242 [-5V]
[lib_symbol_mismatch]: Symbol 'GND' doesn't match copy in library 'power'
    ; warning
    @(85.09 mm, 274.32 mm): Symbol #PWR243 [GND]
[lib_symbol_mismatch]: Symbol 'GND' doesn't match copy in library 'power'
    ; warning
    @(91.44 mm, 86.36 mm): Symbol #PWR208 [GND]
[unconnected_wire_endpoint]: Unconnected wire endpoint
    ; warning
    @(85.09 mm, 132.08 mm): Horizontal Wire, length 7.62 mm
[lib_symbol_mismatch]: Symbol '+5V' doesn't match copy in library 'power'
    ; warning
    @(97.79 mm, 80.01 mm): Symbol #PWR202 [+5V]
[lib_symbol_mismatch]: Symbol 'GND' doesn't match copy in library 'power'
    ; warning
    @(97.79 mm, 85.09 mm): Symbol #PWR204 [GND]
[lib_symbol_mismatch]: Symbol 'GND' doesn't match copy in library 'power'
    ; warning
    @(101.60 mm, 82.55 mm): Symbol #PWR203 [GND]
[lib_symbol_mismatch]: Symbol 'GND' doesn't match copy in library 'power'
    ; warning
    @(104.14 mm, 59.69 mm): Symbol #PWR201 [GND]
[lib_symbol_mismatch]: Symbol 'GND' doesn't match copy in library 'power'
    ; warning
    @(104.14 mm, 74.93 mm): Symbol #PWR209 [GND]
[lib_symbol_mismatch]: Symbol '+5V' doesn't match copy in library 'power'
    ; warning
    @(121.92 mm, 43.18 mm): Symbol #PWR205 [+5V]
[lib_symbol_mismatch]: Symbol 'DAC8565' doesn't match copy in library 'Analog_DAC'
    ; warning
    @(124.46 mm, 72.39 mm): Symbol U7 [DAC8565]
[lib_symbol_mismatch]: Symbol 'GND' doesn't match copy in library 'power'
    ; warning
    @(124.46 mm, 96.52 mm): Symbol #PWR207 [GND]
[lib_symbol_mismatch]: Symbol '+5V' doesn't match copy in library 'power'
    ; warning
    @(127.00 mm, 43.18 mm): Symbol #PWR206 [+5V]
[lib_symbol_mismatch]: Symbol 'GND' doesn't match copy in library 'power'
    ; warning
    @(138.43 mm, 172.72 mm): Symbol #PWR211 [GND]
[lib_symbol_mismatch]: Symbol 'GND' doesn't match copy in library 'power'
    ; warning
    @(138.43 mm, 237.49 mm): Symbol #PWR218 [GND]
[isolated_pin_label]: Label connected to only one pin
    ; warning
    @(148.59 mm, 62.23 mm): Label 'CV_RES'
[lib_symbol_mismatch]: Symbol 'GND' doesn't match copy in library 'power'
    ; warning
    @(165.10 mm, 190.50 mm): Symbol #PWR212 [GND]
[lib_symbol_mismatch]: Symbol 'GND' doesn't match copy in library 'power'
    ; warning
    @(165.10 mm, 255.27 mm): Symbol #PWR219 [GND]
[lib_symbol_mismatch]: Symbol 'GND' doesn't match copy in library 'power'
    ; warning
    @(173.99 mm, 187.96 mm): Symbol #PWR213 [GND]
[lib_symbol_mismatch]: Symbol 'GND' doesn't match copy in library 'power'
    ; warning
    @(173.99 mm, 252.73 mm): Symbol #PWR220 [GND]
[unconnected_wire_endpoint]: Unconnected wire endpoint
    ; warning
    @(177.80 mm, 177.80 mm): Horizontal Wire, length 6.35 mm
[unconnected_wire_endpoint]: Unconnected wire endpoint
    ; warning
    @(177.80 mm, 242.57 mm): Horizontal Wire, length 6.35 mm
[lib_symbol_mismatch]: Symbol '+5V' doesn't match copy in library 'power'
    ; warning
    @(201.93 mm, 184.15 mm): Symbol #PWR216 [+5V]
[lib_symbol_mismatch]: Symbol '-5V' doesn't match copy in library 'power'
    ; warning
    @(201.93 mm, 207.01 mm): Symbol #PWR217 [-5V]
[lib_symbol_mismatch]: Symbol '+5V' doesn't match copy in library 'power'
    ; warning
    @(201.93 mm, 248.92 mm): Symbol #PWR223 [+5V]
[lib_symbol_mismatch]: Symbol '-5V' doesn't match copy in library 'power'
    ; warning
    @(201.93 mm, 271.78 mm): Symbol #PWR224 [-5V]
[lib_symbol_mismatch]: Symbol 'GND' doesn't match copy in library 'power'
    ; warning
    @(238.76 mm, 172.72 mm): Symbol #PWR214 [GND]
[lib_symbol_mismatch]: Symbol 'GND' doesn't match copy in library 'power'
    ; warning
    @(238.76 mm, 237.49 mm): Symbol #PWR221 [GND]
[lib_symbol_mismatch]: Symbol 'GND' doesn't match copy in library 'power'
    ; warning
    @(265.43 mm, 190.50 mm): Symbol #PWR215 [GND]
[lib_symbol_mismatch]: Symbol 'GND' doesn't match copy in library 'power'
    ; warning
    @(265.43 mm, 255.27 mm): Symbol #PWR222 [GND]
[unconnected_wire_endpoint]: Unconnected wire endpoint
    ; warning
    @(278.13 mm, 177.80 mm): Horizontal Wire, length 6.35 mm
[unconnected_wire_endpoint]: Unconnected wire endpoint
    ; warning
    @(278.13 mm, 242.57 mm): Horizontal Wire, length 6.35 mm
[lib_symbol_mismatch]: Symbol 'GND' doesn't match copy in library 'power'
    ; warning
    @(313.69 mm, 144.78 mm): Symbol #PWR228 [GND]
[lib_symbol_mismatch]: Symbol 'GND' doesn't match copy in library 'power'
    ; warning
    @(321.31 mm, 137.16 mm): Symbol #PWR227 [GND]
[lib_symbol_mismatch]: Symbol 'GND' doesn't match copy in library 'power'
    ; warning
    @(337.82 mm, 156.21 mm): Symbol #PWR230 [GND]
[lib_symbol_mismatch]: Symbol '+5V' doesn't match copy in library 'power'
    ; warning
    @(340.36 mm, 102.87 mm): Symbol #PWR229 [+5V]
[lib_symbol_mismatch]: Symbol '-5V' doesn't match copy in library 'power'
    ; warning
    @(346.71 mm, 156.21 mm): Symbol #PWR231 [-5V]
[unconnected_wire_endpoint]: Unconnected wire endpoint
    ; warning
    @(29.21 mm, 64.77 mm): Horizontal Wire, length 11.43 mm
[unconnected_wire_endpoint]: Unconnected wire endpoint
    ; warning
    @(29.21 mm, 194.31 mm): Horizontal Wire, length 11.43 mm

***** Sheet /FX_CHAIN/

***** Sheet /FX_CONTROL/

***** Sheet /ANALOG_FILTER_CV/
[missing_input_pin]: Symbol U5 has input pins in units [ B ] that are not placed
    ; warning
    @(77.47 mm, 107.95 mm): Symbol U5 [OPA1678]
[missing_unit]: Symbol U5 has unplaced units [ B ]
    ; warning
    @(77.47 mm, 107.95 mm): Symbol U5 [OPA1678]
[missing_input_pin]: Symbol U4 has input pins in units [ B, D ] that are not placed
    ; warning
    @(149.86 mm, 175.26 mm): Symbol U4 [LM13700]
[missing_unit]: Symbol U4 has unplaced units [ B, D ]
    ; warning
    @(149.86 mm, 175.26 mm): Symbol U4 [LM13700]
[missing_input_pin]: Symbol U8 has input pins in units [ B, D ] that are not placed
    ; warning
    @(149.86 mm, 240.03 mm): Symbol U8 [LM13700]
[missing_unit]: Symbol U8 has unplaced units [ B, D ]
    ; warning
    @(149.86 mm, 240.03 mm): Symbol U8 [LM13700]

***** Sheet /MASTER_FILTER/
[missing_input_pin]: Symbol U36 has input pins in units [ A, B ] that are not placed
    ; warning
    @(54.61 mm, 242.57 mm): Symbol U36 [LM13700]
[missing_unit]: Symbol U36 has unplaced units [ A, B ]
    ; warning
    @(54.61 mm, 242.57 mm): Symbol U36 [LM13700]
[missing_input_pin]: Symbol U32 has input pins in units [ A, B ] that are not placed
    ; warning
    @(91.44 mm, 111.76 mm): Symbol U32 [LM13700]
[missing_unit]: Symbol U32 has unplaced units [ A, B ]
    ; warning
    @(91.44 mm, 111.76 mm): Symbol U32 [LM13700]

***** Sheet /FX_PHASER/

***** Sheet /FX_CHORUS/
[missing_input_pin]: Symbol U77 has input pins in units [ B ] that are not placed
    ; warning
    @(40.64 mm, 163.83 mm): Symbol U77 [OPA1678]
[missing_unit]: Symbol U77 has unplaced units [ B ]
    ; warning
    @(40.64 mm, 163.83 mm): Symbol U77 [OPA1678]

 ** ERC messages: 203  Errors 0  Warnings 203

 ** Ignored checks:
    - Global label only appears once in the schematic
    - Four connection points are joined together
    - SPICE model issue
    - Assigned footprint doesn't match footprint filters
