Parsing config
Loading config from /home/akiel/trunk/pub/signalmesh_CAD/sim/g2ems_apm/simulation.json
[13:27:56][INFO] Creating geometry
[13:27:56][INFO] Processing gerber files (may take a while for larger boards)
[13:28:13][INFO] Adding copper from gerber files
[13:28:23][INFO] Adding metal mesh for F_Cu
[13:28:23][INFO] Adding metal mesh for In1_Cu
[13:28:23][INFO] Adding metal mesh for In2_Cu
[13:28:24][INFO] Adding metal mesh for B_Cu
[13:28:24][INFO] Parsing gerber file: /home/akiel/trunk/pub/signalmesh_CAD/sim/g2ems_apm/fab/APM-Edge_Cuts.gbr
[13:28:24][INFO] Adding ports grid
[13:28:24][INFO] Compiling grid
[13:28:24][INFO] Parsing gerber file: /home/akiel/trunk/pub/signalmesh_CAD/sim/g2ems_apm/fab/APM-B_Cu.gbr
[13:28:24][INFO] Parsing gerber file: /home/akiel/trunk/pub/signalmesh_CAD/sim/g2ems_apm/fab/APM-In2_Cu.gbr
[13:28:24][INFO] Parsing gerber file: /home/akiel/trunk/pub/signalmesh_CAD/sim/g2ems_apm/fab/APM-In1_Cu.gbr
[13:28:24][INFO] Parsing gerber file: /home/akiel/trunk/pub/signalmesh_CAD/sim/g2ems_apm/fab/APM-F_Cu.gbr
[13:28:24][INFO] ### Grid Generator: get nets of interest ###
[13:28:24][WARN] File with nets under test not found! (/home/akiel/trunk/pub/signalmesh_CAD/sim/g2ems_apm/netinfo.json)
[13:28:24][INFO] ### Grid Generator: parse gerber files ###
[13:28:24][INFO] ### Grid Generator: generate X axis ###
